78.150.34.3 - - [04/Jul/2014:16:56:02 -0700] "GET / HTTP/1.1" 502 181 "-" "Mozilla/5.0 (Macintosh; Intel Mac OS X 10_9_2) AppleWebKit/537.75.14 (KHTML, like Gecko) Version/7.0.3 Safari/537.75.14"
78.150.34.3 - - [04/Jul/2014:16:56:03 -0700] "GET / HTTP/1.1" 502 181 "-" "Mozilla/5.0 (Macintosh; Intel Mac OS X 10_9_2) AppleWebKit/537.75.14 (KHTML, like Gecko) Version/7.0.3 Safari/537.75.14"
78.150.34.3 - - [04/Jul/2014:16:57:40 -0700] "GET / HTTP/1.1" 200 4706 "-" "Mozilla/5.0 (Macintosh; Intel Mac OS X 10_9_2) AppleWebKit/537.75.14 (KHTML, like Gecko) Version/7.0.3 Safari/537.75.14"
78.150.34.3 - - [04/Jul/2014:16:57:43 -0700] "GET /nesciunt-1 HTTP/1.1" 500 67276 "http://monero.fluxministry.com/" "Mozilla/5.0 (Macintosh; Intel Mac OS X 10_9_2) AppleWebKit/537.75.14 (KHTML, like Gecko) Version/7.0.3 Safari/537.75.14"
78.150.34.3 - - [04/Jul/2014:17:00:57 -0700] "GET /nesciunt-1 HTTP/1.1" 500 67412 "http://monero.fluxministry.com/" "Mozilla/5.0 (Macintosh; Intel Mac OS X 10_9_2) AppleWebKit/537.75.14 (KHTML, like Gecko) Version/7.0.3 Safari/537.75.14"
78.150.34.3 - - [04/Jul/2014:17:02:04 -0700] "GET /nesciunt-1 HTTP/1.1" 500 67003 "-" "Mozilla/5.0 (Macintosh; Intel Mac OS X 10_9_2) AppleWebKit/537.75.14 (KHTML, like Gecko) (Coda, like Safari)"
78.150.34.3 - - [04/Jul/2014:17:06:47 -0700] "GET /nesciunt-1 HTTP/1.1" 500 43317 "-" "Mozilla/5.0 (Macintosh; Intel Mac OS X 10_9_2) AppleWebKit/537.75.14 (KHTML, like Gecko) (Coda, like Safari)"
78.150.34.3 - - [04/Jul/2014:17:08:37 -0700] "GET /nesciunt-1 HTTP/1.1" 500 43391 "-" "Mozilla/5.0 (Macintosh; Intel Mac OS X 10_9_2) AppleWebKit/537.75.14 (KHTML, like Gecko) (Coda, like Safari)"
78.150.34.3 - - [04/Jul/2014:17:10:11 -0700] "GET /nesciunt-1 HTTP/1.1" 500 43391 "-" "Mozilla/5.0 (Macintosh; Intel Mac OS X 10_9_2) AppleWebKit/537.75.14 (KHTML, like Gecko) (Coda, like Safari)"
78.150.34.3 - - [04/Jul/2014:17:12:16 -0700] "GET /nesciunt-1 HTTP/1.1" 500 43474 "-" "Mozilla/5.0 (Macintosh; Intel Mac OS X 10_9_2) AppleWebKit/537.75.14 (KHTML, like Gecko) (Coda, like Safari)"
78.150.34.3 - - [04/Jul/2014:17:12:27 -0700] "GET /nesciunt-1 HTTP/1.1" 200 856 "-" "Mozilla/5.0 (Macintosh; Intel Mac OS X 10_9_2) AppleWebKit/537.75.14 (KHTML, like Gecko) (Coda, like Safari)"
78.150.34.3 - - [04/Jul/2014:17:12:35 -0700] "GET / HTTP/1.1" 200 4706 "-" "Mozilla/5.0 (Macintosh; Intel Mac OS X 10_9_2) AppleWebKit/537.75.14 (KHTML, like Gecko) (Coda, like Safari)"
78.150.34.3 - - [04/Jul/2014:17:12:38 -0700] "GET /sed-2 HTTP/1.1" 200 856 "http://monero.fluxministry.com/" "Mozilla/5.0 (Macintosh; Intel Mac OS X 10_9_2) AppleWebKit/537.75.14 (KHTML, like Gecko) (Coda, like Safari)"
62.24.181.135 - - [04/Jul/2014:17:13:10 -0700] "GET /robots.txt HTTP/1.0" 200 24 "http://monero.fluxministry.com/robots.txt" "Mozilla/4.0 (compatible; MSIE 8.0; Windows NT 5.1; Trident/4.0; .NET CLR 2.0.50727; .NET CLR 3.0.04506.648; .NET CLR 3.5.21022; .NET CLR 3.0.4506.2152; .NET CLR 3.5.30729; InfoPath.2)"
62.24.181.135 - - [04/Jul/2014:17:13:10 -0700] "GET /sed-2 HTTP/1.0" 200 2189 "http://monero.fluxministry.com/sed-2" "Mozilla/4.0 (compatible; MSIE 8.0; Windows NT 5.1; Trident/4.0; .NET CLR 2.0.50727; .NET CLR 3.0.04506.648; .NET CLR 3.5.21022; .NET CLR 3.0.4506.2152; .NET CLR 3.5.30729; InfoPath.2)"
78.150.34.3 - - [04/Jul/2014:17:14:48 -0700] "GET /sed-2 HTTP/1.1" 200 856 "http://monero.fluxministry.com/" "Mozilla/5.0 (Macintosh; Intel Mac OS X 10_9_2) AppleWebKit/537.75.14 (KHTML, like Gecko) (Coda, like Safari)"
78.150.34.3 - - [04/Jul/2014:17:14:53 -0700] "GET / HTTP/1.1" 200 4706 "-" "Mozilla/5.0 (Macintosh; Intel Mac OS X 10_9_2) AppleWebKit/537.75.14 (KHTML, like Gecko) (Coda, like Safari)"
78.150.34.3 - - [04/Jul/2014:17:15:00 -0700] "GET /earum-3 HTTP/1.1" 200 856 "http://monero.fluxministry.com/" "Mozilla/5.0 (Macintosh; Intel Mac OS X 10_9_2) AppleWebKit/537.75.14 (KHTML, like Gecko) (Coda, like Safari)"
78.150.34.3 - - [04/Jul/2014:17:15:15 -0700] "GET /earum-3 HTTP/1.1" 200 857 "http://monero.fluxministry.com/" "Mozilla/5.0 (Macintosh; Intel Mac OS X 10_9_2) AppleWebKit/537.75.14 (KHTML, like Gecko) (Coda, like Safari)"
62.24.181.135 - - [04/Jul/2014:17:15:32 -0700] "GET /earum-3 HTTP/1.0" 200 2190 "http://monero.fluxministry.com/earum-3" "Mozilla/4.0 (compatible; MSIE 8.0; Windows NT 5.1; Trident/4.0; .NET CLR 2.0.50727; .NET CLR 3.0.04506.648; .NET CLR 3.5.21022; .NET CLR 3.0.4506.2152; .NET CLR 3.5.30729; InfoPath.2)"
78.150.34.3 - - [04/Jul/2014:17:15:42 -0700] "GET /earum-3 HTTP/1.1" 200 949 "http://monero.fluxministry.com/" "Mozilla/5.0 (Macintosh; Intel Mac OS X 10_9_2) AppleWebKit/537.75.14 (KHTML, like Gecko) (Coda, like Safari)"
78.150.34.3 - - [04/Jul/2014:17:16:37 -0700] "GET /earum-3 HTTP/1.1" 500 66026 "http://monero.fluxministry.com/" "Mozilla/5.0 (Macintosh; Intel Mac OS X 10_9_2) AppleWebKit/537.75.14 (KHTML, like Gecko) (Coda, like Safari)"
78.150.34.3 - - [04/Jul/2014:17:17:21 -0700] "GET /earum-3 HTTP/1.1" 500 66018 "http://monero.fluxministry.com/" "Mozilla/5.0 (Macintosh; Intel Mac OS X 10_9_2) AppleWebKit/537.75.14 (KHTML, like Gecko) (Coda, like Safari)"
78.150.34.3 - - [04/Jul/2014:17:18:07 -0700] "GET /earum-3 HTTP/1.1" 200 988 "http://monero.fluxministry.com/" "Mozilla/5.0 (Macintosh; Intel Mac OS X 10_9_2) AppleWebKit/537.75.14 (KHTML, like Gecko) (Coda, like Safari)"
78.150.34.3 - - [04/Jul/2014:17:18:19 -0700] "GET /earum-3 HTTP/1.1" 200 988 "http://monero.fluxministry.com/" "Mozilla/5.0 (Macintosh; Intel Mac OS X 10_9_2) AppleWebKit/537.75.14 (KHTML, like Gecko) (Coda, like Safari)"
78.150.34.3 - - [04/Jul/2014:17:18:57 -0700] "GET /earum-3 HTTP/1.1" 200 1031 "http://monero.fluxministry.com/" "Mozilla/5.0 (Macintosh; Intel Mac OS X 10_9_2) AppleWebKit/537.75.14 (KHTML, like Gecko) (Coda, like Safari)"
78.150.34.3 - - [04/Jul/2014:17:19:17 -0700] "GET /earum-3 HTTP/1.1" 200 1049 "http://monero.fluxministry.com/" "Mozilla/5.0 (Macintosh; Intel Mac OS X 10_9_2) AppleWebKit/537.75.14 (KHTML, like Gecko) (Coda, like Safari)"
78.150.34.3 - - [04/Jul/2014:17:19:34 -0700] "GET /earum-3 HTTP/1.1" 200 1059 "http://monero.fluxministry.com/" "Mozilla/5.0 (Macintosh; Intel Mac OS X 10_9_2) AppleWebKit/537.75.14 (KHTML, like Gecko) (Coda, like Safari)"
78.150.34.3 - - [04/Jul/2014:17:20:43 -0700] "GET /earum-3 HTTP/1.1" 200 1175 "http://monero.fluxministry.com/" "Mozilla/5.0 (Macintosh; Intel Mac OS X 10_9_2) AppleWebKit/537.75.14 (KHTML, like Gecko) (Coda, like Safari)"
78.150.34.3 - - [04/Jul/2014:17:20:46 -0700] "GET /earum-3?page=2 HTTP/1.1" 200 1039 "http://monero.fluxministry.com/earum-3" "Mozilla/5.0 (Macintosh; Intel Mac OS X 10_9_2) AppleWebKit/537.75.14 (KHTML, like Gecko) (Coda, like Safari)"
78.150.34.3 - - [04/Jul/2014:17:20:47 -0700] "GET /earum-3?page=1 HTTP/1.1" 200 1175 "http://monero.fluxministry.com/earum-3?page=2" "Mozilla/5.0 (Macintosh; Intel Mac OS X 10_9_2) AppleWebKit/537.75.14 (KHTML, like Gecko) (Coda, like Safari)"
78.150.34.3 - - [04/Jul/2014:17:20:48 -0700] "GET /earum-3?page=2 HTTP/1.1" 200 1039 "http://monero.fluxministry.com/earum-3?page=1" "Mozilla/5.0 (Macintosh; Intel Mac OS X 10_9_2) AppleWebKit/537.75.14 (KHTML, like Gecko) (Coda, like Safari)"
78.150.34.3 - - [04/Jul/2014:17:20:49 -0700] "GET /earum-3?page=1 HTTP/1.1" 200 1175 "http://monero.fluxministry.com/earum-3?page=2" "Mozilla/5.0 (Macintosh; Intel Mac OS X 10_9_2) AppleWebKit/537.75.14 (KHTML, like Gecko) (Coda, like Safari)"
78.150.34.3 - - [04/Jul/2014:17:20:50 -0700] "GET /earum-3?page=2 HTTP/1.1" 200 1039 "http://monero.fluxministry.com/earum-3?page=1" "Mozilla/5.0 (Macintosh; Intel Mac OS X 10_9_2) AppleWebKit/537.75.14 (KHTML, like Gecko) (Coda, like Safari)"
78.150.34.3 - - [04/Jul/2014:17:20:51 -0700] "GET /earum-3?page=1 HTTP/1.1" 200 1175 "http://monero.fluxministry.com/earum-3?page=2" "Mozilla/5.0 (Macintosh; Intel Mac OS X 10_9_2) AppleWebKit/537.75.14 (KHTML, like Gecko) (Coda, like Safari)"
78.150.34.3 - - [04/Jul/2014:17:20:52 -0700] "GET /earum-3?page=2 HTTP/1.1" 200 1039 "http://monero.fluxministry.com/earum-3?page=1" "Mozilla/5.0 (Macintosh; Intel Mac OS X 10_9_2) AppleWebKit/537.75.14 (KHTML, like Gecko) (Coda, like Safari)"
78.150.34.3 - - [04/Jul/2014:17:20:54 -0700] "GET /earum-3?page=1 HTTP/1.1" 200 1175 "http://monero.fluxministry.com/earum-3?page=2" "Mozilla/5.0 (Macintosh; Intel Mac OS X 10_9_2) AppleWebKit/537.75.14 (KHTML, like Gecko) (Coda, like Safari)"
78.150.34.3 - - [04/Jul/2014:17:20:55 -0700] "GET /earum-3?page=2 HTTP/1.1" 200 1039 "http://monero.fluxministry.com/earum-3?page=1" "Mozilla/5.0 (Macintosh; Intel Mac OS X 10_9_2) AppleWebKit/537.75.14 (KHTML, like Gecko) (Coda, like Safari)"
78.150.34.3 - - [04/Jul/2014:17:20:56 -0700] "GET /earum-3?page=1 HTTP/1.1" 200 1175 "http://monero.fluxministry.com/earum-3?page=2" "Mozilla/5.0 (Macintosh; Intel Mac OS X 10_9_2) AppleWebKit/537.75.14 (KHTML, like Gecko) (Coda, like Safari)"
78.150.34.3 - - [04/Jul/2014:17:22:05 -0700] "GET /earum-3?page=1 HTTP/1.1" 200 1179 "http://monero.fluxministry.com/earum-3?page=2" "Mozilla/5.0 (Macintosh; Intel Mac OS X 10_9_2) AppleWebKit/537.75.14 (KHTML, like Gecko) (Coda, like Safari)"
78.150.34.3 - - [04/Jul/2014:17:22:07 -0700] "GET /earum-3?page=1 HTTP/1.1" 200 1179 "-" "Mozilla/5.0 (Macintosh; Intel Mac OS X 10_9_2) AppleWebKit/537.75.14 (KHTML, like Gecko) (Coda, like Safari)"
78.150.34.3 - - [04/Jul/2014:17:22:13 -0700] "GET /earum-3 HTTP/1.1" 200 1179 "-" "Mozilla/5.0 (Macintosh; Intel Mac OS X 10_9_2) AppleWebKit/537.75.14 (KHTML, like Gecko) (Coda, like Safari)"
78.150.34.3 - - [04/Jul/2014:17:22:14 -0700] "GET / HTTP/1.1" 200 4709 "http://monero.fluxministry.com/earum-3" "Mozilla/5.0 (Macintosh; Intel Mac OS X 10_9_2) AppleWebKit/537.75.14 (KHTML, like Gecko) (Coda, like Safari)"
78.150.34.3 - - [04/Jul/2014:17:22:16 -0700] "GET /harum-15 HTTP/1.1" 200 1056 "http://monero.fluxministry.com/" "Mozilla/5.0 (Macintosh; Intel Mac OS X 10_9_2) AppleWebKit/537.75.14 (KHTML, like Gecko) (Coda, like Safari)"
78.150.34.3 - - [04/Jul/2014:17:22:18 -0700] "GET / HTTP/1.1" 200 4709 "http://monero.fluxministry.com/harum-15" "Mozilla/5.0 (Macintosh; Intel Mac OS X 10_9_2) AppleWebKit/537.75.14 (KHTML, like Gecko) (Coda, like Safari)"
78.150.34.3 - - [04/Jul/2014:17:22:21 -0700] "GET /eveniet-33 HTTP/1.1" 200 1061 "http://monero.fluxministry.com/" "Mozilla/5.0 (Macintosh; Intel Mac OS X 10_9_2) AppleWebKit/537.75.14 (KHTML, like Gecko) (Coda, like Safari)"
78.150.34.3 - - [04/Jul/2014:17:22:24 -0700] "GET / HTTP/1.1" 200 4709 "http://monero.fluxministry.com/eveniet-33" "Mozilla/5.0 (Macintosh; Intel Mac OS X 10_9_2) AppleWebKit/537.75.14 (KHTML, like Gecko) (Coda, like Safari)"
78.150.34.3 - - [04/Jul/2014:17:22:26 -0700] "GET /aspernatur-20 HTTP/1.1" 200 1174 "http://monero.fluxministry.com/" "Mozilla/5.0 (Macintosh; Intel Mac OS X 10_9_2) AppleWebKit/537.75.14 (KHTML, like Gecko) (Coda, like Safari)"
78.150.34.3 - - [04/Jul/2014:17:22:28 -0700] "GET / HTTP/1.1" 200 4709 "http://monero.fluxministry.com/aspernatur-20" "Mozilla/5.0 (Macintosh; Intel Mac OS X 10_9_2) AppleWebKit/537.75.14 (KHTML, like Gecko) (Coda, like Safari)"
62.24.181.135 - - [04/Jul/2014:17:22:48 -0700] "GET /harum-15 HTTP/1.0" 200 2826 "http://monero.fluxministry.com/harum-15" "Mozilla/4.0 (compatible; MSIE 8.0; Windows NT 5.1; Trident/4.0; .NET CLR 2.0.50727; .NET CLR 3.0.04506.648; .NET CLR 3.5.21022; .NET CLR 3.0.4506.2152; .NET CLR 3.5.30729; InfoPath.2)"
62.24.181.135 - - [04/Jul/2014:17:22:52 -0700] "GET /robots.txt HTTP/1.0" 200 24 "http://monero.fluxministry.com/robots.txt" "Mozilla/4.0 (compatible; MSIE 8.0; Windows NT 5.1; Trident/4.0; .NET CLR 2.0.50727; .NET CLR 3.0.04506.648; .NET CLR 3.5.21022; .NET CLR 3.0.4506.2152; .NET CLR 3.5.30729; InfoPath.2)"
62.24.181.135 - - [04/Jul/2014:17:22:52 -0700] "GET /eveniet-33 HTTP/1.0" 200 2854 "http://monero.fluxministry.com/eveniet-33" "Mozilla/4.0 (compatible; MSIE 8.0; Windows NT 5.1; Trident/4.0; .NET CLR 2.0.50727; .NET CLR 3.0.04506.648; .NET CLR 3.5.21022; .NET CLR 3.0.4506.2152; .NET CLR 3.5.30729; InfoPath.2)"
62.24.181.135 - - [04/Jul/2014:17:22:58 -0700] "GET /aspernatur-20 HTTP/1.0" 200 3153 "http://monero.fluxministry.com/aspernatur-20" "Mozilla/4.0 (compatible; MSIE 8.0; Windows NT 5.1; Trident/4.0; .NET CLR 2.0.50727; .NET CLR 3.0.04506.648; .NET CLR 3.5.21022; .NET CLR 3.0.4506.2152; .NET CLR 3.5.30729; InfoPath.2)"
78.150.34.3 - - [04/Jul/2014:17:27:04 -0700] "GET /earum-3 HTTP/1.1" 200 1179 "http://monero.fluxministry.com/" "Mozilla/5.0 (Macintosh; Intel Mac OS X 10_9_2) AppleWebKit/537.75.14 (KHTML, like Gecko) (Coda, like Safari)"
78.150.34.3 - - [04/Jul/2014:17:27:09 -0700] "GET /earum-3?page=2 HTTP/1.1" 200 1042 "http://monero.fluxministry.com/earum-3" "Mozilla/5.0 (Macintosh; Intel Mac OS X 10_9_2) AppleWebKit/537.75.14 (KHTML, like Gecko) (Coda, like Safari)"
78.150.34.3 - - [04/Jul/2014:17:27:10 -0700] "GET /earum-3?page=1 HTTP/1.1" 200 1179 "http://monero.fluxministry.com/earum-3?page=2" "Mozilla/5.0 (Macintosh; Intel Mac OS X 10_9_2) AppleWebKit/537.75.14 (KHTML, like Gecko) (Coda, like Safari)"
78.150.34.3 - - [04/Jul/2014:17:30:56 -0700] "GET /earum-3?page=1 HTTP/1.1" 500 44253 "http://monero.fluxministry.com/earum-3?page=2" "Mozilla/5.0 (Macintosh; Intel Mac OS X 10_9_2) AppleWebKit/537.75.14 (KHTML, like Gecko) (Coda, like Safari)"
78.150.34.3 - - [04/Jul/2014:17:31:31 -0700] "GET /earum-3 HTTP/1.1" 500 43716 "-" "Mozilla/5.0 (Macintosh; Intel Mac OS X 10_9_2) AppleWebKit/537.75.14 (KHTML, like Gecko) (Coda, like Safari)"
78.150.34.3 - - [04/Jul/2014:17:32:13 -0700] "GET /%3C!DOCTYPE%20html%3E%3Chtml%3E%20%20%3Chead%3E%20%20%20%20%3Cmeta%20charset= HTTP/1.1" 404 17696 "http://monero.fluxministry.com/earum-3" "Mozilla/5.0 (Macintosh; Intel Mac OS X 10_9_2) AppleWebKit/537.75.14 (KHTML, like Gecko) (Coda, like Safari)"
78.150.34.3 - - [04/Jul/2014:17:32:19 -0700] "GET /earum-3 HTTP/1.1" 500 43733 "-" "Mozilla/5.0 (Macintosh; Intel Mac OS X 10_9_2) AppleWebKit/537.75.14 (KHTML, like Gecko) (Coda, like Safari)"
78.150.34.3 - - [04/Jul/2014:17:32:22 -0700] "GET /earum-3 HTTP/1.1" 500 43733 "-" "Mozilla/5.0 (Macintosh; Intel Mac OS X 10_9_2) AppleWebKit/537.75.14 (KHTML, like Gecko) (Coda, like Safari)"
78.150.34.3 - - [04/Jul/2014:17:32:42 -0700] "GET /earum-3 HTTP/1.1" 200 1240 "-" "Mozilla/5.0 (Macintosh; Intel Mac OS X 10_9_2) AppleWebKit/537.75.14 (KHTML, like Gecko) (Coda, like Safari)"
62.24.181.134 - - [04/Jul/2014:17:32:44 -0700] "GET /robots.txt HTTP/1.0" 200 24 "http://monero.fluxministry.com/robots.txt" "Mozilla/4.0 (compatible; MSIE 8.0; Windows NT 5.1; Trident/4.0; .NET CLR 2.0.50727; .NET CLR 3.0.04506.648; .NET CLR 3.5.21022; .NET CLR 3.0.4506.2152; .NET CLR 3.5.30729; InfoPath.2)"
62.24.181.134 - - [04/Jul/2014:17:32:44 -0700] "GET /%3C!DOCTYPE%20html%3E%3Chtml%3E%20%20%3Chead%3E%20%20%20%20%3Cmeta%20charset= HTTP/1.0" 404 56007 "http://monero.fluxministry.com/%3C!DOCTYPE%20html%3E%3Chtml%3E%20%20%3Chead%3E%20%20%20%20%3Cmeta%20charset=" "Mozilla/4.0 (compatible; MSIE 8.0; Windows NT 5.1; Trident/4.0; .NET CLR 2.0.50727; .NET CLR 3.0.04506.648; .NET CLR 3.5.21022; .NET CLR 3.0.4506.2152; .NET CLR 3.5.30729; InfoPath.2)"
78.150.34.3 - - [04/Jul/2014:17:33:02 -0700] "GET /earum-3/cultivate-cross-media-applications-10 HTTP/1.1" 500 71304 "http://monero.fluxministry.com/earum-3" "Mozilla/5.0 (Macintosh; Intel Mac OS X 10_9_2) AppleWebKit/537.75.14 (KHTML, like Gecko) (Coda, like Safari)"
78.150.34.3 - - [04/Jul/2014:17:33:08 -0700] "GET /earum-3 HTTP/1.1" 200 1240 "-" "Mozilla/5.0 (Macintosh; Intel Mac OS X 10_9_2) AppleWebKit/537.75.14 (KHTML, like Gecko) (Coda, like Safari)"
62.24.181.135 - - [04/Jul/2014:17:33:32 -0700] "GET /earum-3/cultivate-cross-media-applications-10 HTTP/1.0" 500 69280 "http://monero.fluxministry.com/earum-3/cultivate-cross-media-applications-10" "Mozilla/4.0 (compatible; MSIE 8.0; Windows NT 5.1; Trident/4.0; .NET CLR 2.0.50727; .NET CLR 3.0.04506.648; .NET CLR 3.5.21022; .NET CLR 3.0.4506.2152; .NET CLR 3.5.30729; InfoPath.2)"
78.150.34.3 - - [04/Jul/2014:17:50:04 -0700] "GET /earum-3/cultivate-cross-media-applications-10 HTTP/1.1" 500 71276 "http://monero.fluxministry.com/earum-3" "Mozilla/5.0 (Macintosh; Intel Mac OS X 10_9_2) AppleWebKit/537.75.14 (KHTML, like Gecko) (Coda, like Safari)"
78.150.34.3 - - [04/Jul/2014:18:07:16 -0700] "GET /earum-3/cultivate-cross-media-applications-10 HTTP/1.1" 500 66590 "http://monero.fluxministry.com/earum-3" "Mozilla/5.0 (Macintosh; Intel Mac OS X 10_9_2) AppleWebKit/537.75.14 (KHTML, like Gecko) (Coda, like Safari)"
78.150.34.3 - - [04/Jul/2014:18:08:25 -0700] "GET /earum-3/cultivate-cross-media-applications-10 HTTP/1.1" 200 75 "http://monero.fluxministry.com/earum-3" "Mozilla/5.0 (Macintosh; Intel Mac OS X 10_9_2) AppleWebKit/537.75.14 (KHTML, like Gecko) (Coda, like Safari)"
78.150.34.3 - - [04/Jul/2014:18:17:31 -0700] "GET /earum-3/cultivate-cross-media-applications-10 HTTP/1.1" 200 75 "http://monero.fluxministry.com/earum-3" "Mozilla/5.0 (Macintosh; Intel Mac OS X 10_9_2) AppleWebKit/537.75.14 (KHTML, like Gecko) (Coda, like Safari)"
78.150.34.3 - - [04/Jul/2014:18:18:37 -0700] "GET /earum-3/cultivate-cross-media-applications-10 HTTP/1.1" 200 860 "http://monero.fluxministry.com/earum-3" "Mozilla/5.0 (Macintosh; Intel Mac OS X 10_9_2) AppleWebKit/537.75.14 (KHTML, like Gecko) (Coda, like Safari)"
78.150.34.3 - - [04/Jul/2014:18:18:38 -0700] "GET /earum-3/images/logo.png HTTP/1.1" 404 17658 "http://monero.fluxministry.com/earum-3/cultivate-cross-media-applications-10" "Mozilla/5.0 (Macintosh; Intel Mac OS X 10_9_2) AppleWebKit/537.75.14 (KHTML, like Gecko) (Coda, like Safari)"
78.150.34.3 - - [04/Jul/2014:18:18:43 -0700] "GET /earum-3/cultivate-cross-media-applications-10 HTTP/1.1" 200 860 "-" "Mozilla/5.0 (Macintosh; Intel Mac OS X 10_9_2) AppleWebKit/537.75.14 (KHTML, like Gecko) (Coda, like Safari)"
78.150.34.3 - - [04/Jul/2014:18:18:43 -0700] "GET /earum-3/images/logo.png HTTP/1.1" 404 17603 "http://monero.fluxministry.com/earum-3/cultivate-cross-media-applications-10" "Mozilla/5.0 (Macintosh; Intel Mac OS X 10_9_2) AppleWebKit/537.75.14 (KHTML, like Gecko) (Coda, like Safari)"
78.150.34.3 - - [04/Jul/2014:18:19:48 -0700] "GET /earum-3/cultivate-cross-media-applications-10 HTTP/1.1" 200 860 "-" "Mozilla/5.0 (Macintosh; Intel Mac OS X 10_9_2) AppleWebKit/537.75.14 (KHTML, like Gecko) (Coda, like Safari)"
78.150.34.3 - - [04/Jul/2014:18:19:48 -0700] "GET /earum-3/images/logo.png HTTP/1.1" 404 17667 "http://monero.fluxministry.com/earum-3/cultivate-cross-media-applications-10" "Mozilla/5.0 (Macintosh; Intel Mac OS X 10_9_2) AppleWebKit/537.75.14 (KHTML, like Gecko) (Coda, like Safari)"
78.150.34.3 - - [04/Jul/2014:18:19:54 -0700] "GET /earum-3/cultivate-cross-media-applications-10 HTTP/1.1" 200 860 "-" "Mozilla/5.0 (Macintosh; Intel Mac OS X 10_9_2) AppleWebKit/537.75.14 (KHTML, like Gecko) (Coda, like Safari)"
78.150.34.3 - - [04/Jul/2014:18:19:55 -0700] "GET /earum-3/images/logo.png HTTP/1.1" 404 17610 "http://monero.fluxministry.com/earum-3/cultivate-cross-media-applications-10" "Mozilla/5.0 (Macintosh; Intel Mac OS X 10_9_2) AppleWebKit/537.75.14 (KHTML, like Gecko) (Coda, like Safari)"
78.150.34.3 - - [04/Jul/2014:18:20:15 -0700] "GET /earum-3/cultivate-cross-media-applications-10 HTTP/1.1" 200 858 "-" "Mozilla/5.0 (Macintosh; Intel Mac OS X 10_9_2) AppleWebKit/537.75.14 (KHTML, like Gecko) (Coda, like Safari)"
78.150.34.3 - - [04/Jul/2014:18:20:19 -0700] "GET / HTTP/1.1" 200 4707 "http://monero.fluxministry.com/earum-3/cultivate-cross-media-applications-10" "Mozilla/5.0 (Macintosh; Intel Mac OS X 10_9_2) AppleWebKit/537.75.14 (KHTML, like Gecko) (Coda, like Safari)"
78.150.34.3 - - [04/Jul/2014:18:20:20 -0700] "GET /nesciunt-1 HTTP/1.1" 200 962 "http://monero.fluxministry.com/" "Mozilla/5.0 (Macintosh; Intel Mac OS X 10_9_2) AppleWebKit/537.75.14 (KHTML, like Gecko) (Coda, like Safari)"
78.150.34.3 - - [04/Jul/2014:18:20:24 -0700] "GET / HTTP/1.1" 200 4707 "http://monero.fluxministry.com/nesciunt-1" "Mozilla/5.0 (Macintosh; Intel Mac OS X 10_9_2) AppleWebKit/537.75.14 (KHTML, like Gecko) (Coda, like Safari)"
78.150.34.3 - - [04/Jul/2014:18:20:26 -0700] "GET /cupiditate-28 HTTP/1.1" 200 1243 "http://monero.fluxministry.com/" "Mozilla/5.0 (Macintosh; Intel Mac OS X 10_9_2) AppleWebKit/537.75.14 (KHTML, like Gecko) (Coda, like Safari)"
78.150.34.3 - - [04/Jul/2014:18:20:29 -0700] "GET /cupiditate-28/enable-out-of-the-box-architectures-133 HTTP/1.1" 200 858 "http://monero.fluxministry.com/cupiditate-28" "Mozilla/5.0 (Macintosh; Intel Mac OS X 10_9_2) AppleWebKit/537.75.14 (KHTML, like Gecko) (Coda, like Safari)"
62.24.181.135 - - [04/Jul/2014:18:20:56 -0700] "GET /robots.txt HTTP/1.0" 200 24 "http://monero.fluxministry.com/robots.txt" "Mozilla/4.0 (compatible; MSIE 8.0; Windows NT 5.1; Trident/4.0; .NET CLR 2.0.50727; .NET CLR 3.0.04506.648; .NET CLR 3.5.21022; .NET CLR 3.0.4506.2152; .NET CLR 3.5.30729; InfoPath.2)"
62.24.181.135 - - [04/Jul/2014:18:20:56 -0700] "GET /cupiditate-28 HTTP/1.0" 200 3457 "http://monero.fluxministry.com/cupiditate-28" "Mozilla/4.0 (compatible; MSIE 8.0; Windows NT 5.1; Trident/4.0; .NET CLR 2.0.50727; .NET CLR 3.0.04506.648; .NET CLR 3.5.21022; .NET CLR 3.0.4506.2152; .NET CLR 3.5.30729; InfoPath.2)"
62.24.181.134 - - [04/Jul/2014:18:21:00 -0700] "GET /cupiditate-28/enable-out-of-the-box-architectures-133 HTTP/1.0" 200 2191 "http://monero.fluxministry.com/cupiditate-28/enable-out-of-the-box-architectures-133" "Mozilla/4.0 (compatible; MSIE 8.0; Windows NT 5.1; Trident/4.0; .NET CLR 2.0.50727; .NET CLR 3.0.04506.648; .NET CLR 3.5.21022; .NET CLR 3.0.4506.2152; .NET CLR 3.5.30729; InfoPath.2)"
78.150.34.3 - - [04/Jul/2014:18:21:49 -0700] "GET /cupiditate-28/enable-out-of-the-box-architectures-133 HTTP/1.1" 200 858 "http://monero.fluxministry.com/cupiditate-28" "Mozilla/5.0 (Macintosh; Intel Mac OS X 10_9_2) AppleWebKit/537.75.14 (KHTML, like Gecko) (Coda, like Safari)"
78.150.34.3 - - [04/Jul/2014:18:21:53 -0700] "GET /cupiditate-28/enable-out-of-the-box-architectures-133 HTTP/1.1" 200 858 "-" "Mozilla/5.0 (Macintosh; Intel Mac OS X 10_9_2) AppleWebKit/537.75.14 (KHTML, like Gecko) (Coda, like Safari)"
78.150.34.3 - - [04/Jul/2014:18:22:38 -0700] "GET /cupiditate-28/enable-out-of-the-box-architectures-133 HTTP/1.1" 200 858 "-" "Mozilla/5.0 (Macintosh; Intel Mac OS X 10_9_2) AppleWebKit/537.75.14 (KHTML, like Gecko) (Coda, like Safari)"
78.150.34.3 - - [04/Jul/2014:18:23:46 -0700] "GET /cupiditate-28/enable-out-of-the-box-architectures-133 HTTP/1.1" 500 67989 "-" "Mozilla/5.0 (Macintosh; Intel Mac OS X 10_9_2) AppleWebKit/537.75.14 (KHTML, like Gecko) (Coda, like Safari)"
78.150.34.3 - - [04/Jul/2014:18:25:15 -0700] "GET /cupiditate-28/enable-out-of-the-box-architectures-133 HTTP/1.1" 200 858 "-" "Mozilla/5.0 (Macintosh; Intel Mac OS X 10_9_2) AppleWebKit/537.75.14 (KHTML, like Gecko) (Coda, like Safari)"
78.150.34.3 - - [04/Jul/2014:18:25:24 -0700] "GET /cupiditate-28/enable-out-of-the-box-architectures-133 HTTP/1.1" 500 66388 "-" "Mozilla/5.0 (Macintosh; Intel Mac OS X 10_9_2) AppleWebKit/537.75.14 (KHTML, like Gecko) (Coda, like Safari)"
78.150.34.3 - - [04/Jul/2014:18:25:47 -0700] "GET /cupiditate-28/enable-out-of-the-box-architectures-133 HTTP/1.1" 200 858 "-" "Mozilla/5.0 (Macintosh; Intel Mac OS X 10_9_2) AppleWebKit/537.75.14 (KHTML, like Gecko) (Coda, like Safari)"
78.150.34.3 - - [04/Jul/2014:18:26:29 -0700] "GET /cupiditate-28/enable-out-of-the-box-architectures-133 HTTP/1.1" 500 66439 "-" "Mozilla/5.0 (Macintosh; Intel Mac OS X 10_9_2) AppleWebKit/537.75.14 (KHTML, like Gecko) (Coda, like Safari)"
78.150.34.3 - - [04/Jul/2014:18:27:17 -0700] "GET /cupiditate-28/enable-out-of-the-box-architectures-133 HTTP/1.1" 500 66573 "-" "Mozilla/5.0 (Macintosh; Intel Mac OS X 10_9_2) AppleWebKit/537.75.14 (KHTML, like Gecko) (Coda, like Safari)"
78.150.34.3 - - [04/Jul/2014:18:27:32 -0700] "GET /cupiditate-28/enable-out-of-the-box-architectures-133 HTTP/1.1" 500 43638 "-" "Mozilla/5.0 (Macintosh; Intel Mac OS X 10_9_2) AppleWebKit/537.75.14 (KHTML, like Gecko) (Coda, like Safari)"
78.150.34.3 - - [04/Jul/2014:18:27:41 -0700] "GET /cupiditate-28/enable-out-of-the-box-architectures-133 HTTP/1.1" 200 864 "-" "Mozilla/5.0 (Macintosh; Intel Mac OS X 10_9_2) AppleWebKit/537.75.14 (KHTML, like Gecko) (Coda, like Safari)"
78.150.34.3 - - [04/Jul/2014:18:28:30 -0700] "GET /cupiditate-28/enable-out-of-the-box-architectures-133 HTTP/1.1" 200 884 "-" "Mozilla/5.0 (Macintosh; Intel Mac OS X 10_9_2) AppleWebKit/537.75.14 (KHTML, like Gecko) (Coda, like Safari)"
78.150.34.3 - - [04/Jul/2014:18:29:34 -0700] "GET /cupiditate-28/enable-out-of-the-box-architectures-133 HTTP/1.1" 200 868 "-" "Mozilla/5.0 (Macintosh; Intel Mac OS X 10_9_2) AppleWebKit/537.75.14 (KHTML, like Gecko) (Coda, like Safari)"
78.150.34.3 - - [04/Jul/2014:18:29:40 -0700] "GET / HTTP/1.1" 200 4706 "http://monero.fluxministry.com/cupiditate-28/enable-out-of-the-box-architectures-133" "Mozilla/5.0 (Macintosh; Intel Mac OS X 10_9_2) AppleWebKit/537.75.14 (KHTML, like Gecko) (Coda, like Safari)"
78.150.34.3 - - [04/Jul/2014:18:29:41 -0700] "GET /earum/3 HTTP/1.1" 200 1238 "http://monero.fluxministry.com/" "Mozilla/5.0 (Macintosh; Intel Mac OS X 10_9_2) AppleWebKit/537.75.14 (KHTML, like Gecko) (Coda, like Safari)"
78.150.34.3 - - [04/Jul/2014:18:29:42 -0700] "GET /earum/earum/3/maximize-strategic-solutions/8 HTTP/1.1" 404 17626 "http://monero.fluxministry.com/earum/3" "Mozilla/5.0 (Macintosh; Intel Mac OS X 10_9_2) AppleWebKit/537.75.14 (KHTML, like Gecko) (Coda, like Safari)"
62.24.181.135 - - [04/Jul/2014:18:30:12 -0700] "GET /earum/3 HTTP/1.0" 200 3384 "http://monero.fluxministry.com/earum/3" "Mozilla/4.0 (compatible; MSIE 8.0; Windows NT 5.1; Trident/4.0; .NET CLR 2.0.50727; .NET CLR 3.0.04506.648; .NET CLR 3.5.21022; .NET CLR 3.0.4506.2152; .NET CLR 3.5.30729; InfoPath.2)"
62.24.181.135 - - [04/Jul/2014:18:30:13 -0700] "GET /earum/earum/3/maximize-strategic-solutions/8 HTTP/1.0" 404 55878 "http://monero.fluxministry.com/earum/earum/3/maximize-strategic-solutions/8" "Mozilla/4.0 (compatible; MSIE 8.0; Windows NT 5.1; Trident/4.0; .NET CLR 2.0.50727; .NET CLR 3.0.04506.648; .NET CLR 3.5.21022; .NET CLR 3.0.4506.2152; .NET CLR 3.5.30729; InfoPath.2)"
78.150.34.3 - - [04/Jul/2014:18:30:20 -0700] "GET /earum/3 HTTP/1.1" 200 1238 "-" "Mozilla/5.0 (Macintosh; Intel Mac OS X 10_9_2) AppleWebKit/537.75.14 (KHTML, like Gecko) (Coda, like Safari)"
78.150.34.3 - - [04/Jul/2014:18:30:34 -0700] "GET /earum/3 HTTP/1.1" 200 1240 "-" "Mozilla/5.0 (Macintosh; Intel Mac OS X 10_9_2) AppleWebKit/537.75.14 (KHTML, like Gecko) (Coda, like Safari)"
78.150.34.3 - - [04/Jul/2014:18:30:35 -0700] "GET /earum/3/engage-cutting-edge-paradigms/7 HTTP/1.1" 200 1215 "http://monero.fluxministry.com/earum/3" "Mozilla/5.0 (Macintosh; Intel Mac OS X 10_9_2) AppleWebKit/537.75.14 (KHTML, like Gecko) (Coda, like Safari)"
62.24.181.135 - - [04/Jul/2014:18:31:05 -0700] "GET /earum/3/engage-cutting-edge-paradigms/7 HTTP/1.0" 200 3382 "http://monero.fluxministry.com/earum/3/engage-cutting-edge-paradigms/7" "Mozilla/4.0 (compatible; MSIE 8.0; Windows NT 5.1; Trident/4.0; .NET CLR 2.0.50727; .NET CLR 3.0.04506.648; .NET CLR 3.5.21022; .NET CLR 3.0.4506.2152; .NET CLR 3.5.30729; InfoPath.2)"
78.150.34.3 - - [04/Jul/2014:18:31:44 -0700] "GET /earum/3/engage-cutting-edge-paradigms/7 HTTP/1.1" 200 1881 "http://monero.fluxministry.com/earum/3" "Mozilla/5.0 (Macintosh; Intel Mac OS X 10_9_2) AppleWebKit/537.75.14 (KHTML, like Gecko) (Coda, like Safari)"
78.150.34.3 - - [04/Jul/2014:18:32:03 -0700] "GET /earum/3/engage-cutting-edge-paradigms/7 HTTP/1.1" 200 1873 "http://monero.fluxministry.com/earum/3" "Mozilla/5.0 (Macintosh; Intel Mac OS X 10_9_2) AppleWebKit/537.75.14 (KHTML, like Gecko) (Coda, like Safari)"
78.150.34.3 - - [04/Jul/2014:18:32:23 -0700] "GET /earum/3/engage-cutting-edge-paradigms/7 HTTP/1.1" 200 1873 "http://monero.fluxministry.com/earum/3" "Mozilla/5.0 (Macintosh; Intel Mac OS X 10_9_2) AppleWebKit/537.75.14 (KHTML, like Gecko) (Coda, like Safari)"
78.150.34.3 - - [04/Jul/2014:18:32:27 -0700] "GET /earum/3/engage-cutting-edge-paradigms/7 HTTP/1.1" 200 1873 "-" "Mozilla/5.0 (Macintosh; Intel Mac OS X 10_9_2) AppleWebKit/537.75.14 (KHTML, like Gecko) (Coda, like Safari)"
78.150.34.3 - - [04/Jul/2014:18:32:31 -0700] "GET / HTTP/1.1" 200 4706 "http://monero.fluxministry.com/earum/3/engage-cutting-edge-paradigms/7" "Mozilla/5.0 (Macintosh; Intel Mac OS X 10_9_2) AppleWebKit/537.75.14 (KHTML, like Gecko) (Coda, like Safari)"
78.150.34.3 - - [04/Jul/2014:18:32:33 -0700] "GET /nesciunt/1 HTTP/1.1" 200 962 "http://monero.fluxministry.com/" "Mozilla/5.0 (Macintosh; Intel Mac OS X 10_9_2) AppleWebKit/537.75.14 (KHTML, like Gecko) (Coda, like Safari)"
78.150.34.3 - - [04/Jul/2014:18:32:34 -0700] "GET /nesciunt/1/recontextualize-cutting-edge-roi/1 HTTP/1.1" 200 1916 "http://monero.fluxministry.com/nesciunt/1" "Mozilla/5.0 (Macintosh; Intel Mac OS X 10_9_2) AppleWebKit/537.75.14 (KHTML, like Gecko) (Coda, like Safari)"
78.150.34.3 - - [04/Jul/2014:18:32:35 -0700] "GET / HTTP/1.1" 200 4706 "http://monero.fluxministry.com/nesciunt/1/recontextualize-cutting-edge-roi/1" "Mozilla/5.0 (Macintosh; Intel Mac OS X 10_9_2) AppleWebKit/537.75.14 (KHTML, like Gecko) (Coda, like Safari)"
78.150.34.3 - - [04/Jul/2014:18:32:36 -0700] "GET /minima/8 HTTP/1.1" 200 1247 "http://monero.fluxministry.com/" "Mozilla/5.0 (Macintosh; Intel Mac OS X 10_9_2) AppleWebKit/537.75.14 (KHTML, like Gecko) (Coda, like Safari)"
78.150.34.3 - - [04/Jul/2014:18:32:37 -0700] "GET /minima/8/unleash-user-centric-solutions/38 HTTP/1.1" 200 1982 "http://monero.fluxministry.com/minima/8" "Mozilla/5.0 (Macintosh; Intel Mac OS X 10_9_2) AppleWebKit/537.75.14 (KHTML, like Gecko) (Coda, like Safari)"
78.150.34.3 - - [04/Jul/2014:18:32:38 -0700] "GET / HTTP/1.1" 200 4706 "http://monero.fluxministry.com/minima/8/unleash-user-centric-solutions/38" "Mozilla/5.0 (Macintosh; Intel Mac OS X 10_9_2) AppleWebKit/537.75.14 (KHTML, like Gecko) (Coda, like Safari)"
78.150.34.3 - - [04/Jul/2014:18:32:45 -0700] "GET / HTTP/1.1" 200 4706 "http://monero.fluxministry.com/minima/8/unleash-user-centric-solutions/38" "Mozilla/5.0 (Macintosh; Intel Mac OS X 10_9_2) AppleWebKit/537.75.14 (KHTML, like Gecko) (Coda, like Safari)"
78.150.34.3 - - [04/Jul/2014:18:32:46 -0700] "GET /earum/3 HTTP/1.1" 200 1240 "http://monero.fluxministry.com/" "Mozilla/5.0 (Macintosh; Intel Mac OS X 10_9_2) AppleWebKit/537.75.14 (KHTML, like Gecko) (Coda, like Safari)"
78.150.34.3 - - [04/Jul/2014:18:32:46 -0700] "GET /earum/3/maximize-strategic-solutions/8 HTTP/1.1" 200 1480 "http://monero.fluxministry.com/earum/3" "Mozilla/5.0 (Macintosh; Intel Mac OS X 10_9_2) AppleWebKit/537.75.14 (KHTML, like Gecko) (Coda, like Safari)"
78.150.34.3 - - [04/Jul/2014:18:32:48 -0700] "GET /earum/3/maximize-strategic-solutions/8?page=2 HTTP/1.1" 200 1465 "http://monero.fluxministry.com/earum/3/maximize-strategic-solutions/8" "Mozilla/5.0 (Macintosh; Intel Mac OS X 10_9_2) AppleWebKit/537.75.14 (KHTML, like Gecko) (Coda, like Safari)"
78.150.34.3 - - [04/Jul/2014:18:32:49 -0700] "GET /earum/3/maximize-strategic-solutions/8?page=1 HTTP/1.1" 200 1480 "http://monero.fluxministry.com/earum/3/maximize-strategic-solutions/8?page=2" "Mozilla/5.0 (Macintosh; Intel Mac OS X 10_9_2) AppleWebKit/537.75.14 (KHTML, like Gecko) (Coda, like Safari)"
78.150.34.3 - - [04/Jul/2014:18:32:49 -0700] "GET / HTTP/1.1" 200 4706 "http://monero.fluxministry.com/earum/3/maximize-strategic-solutions/8?page=1" "Mozilla/5.0 (Macintosh; Intel Mac OS X 10_9_2) AppleWebKit/537.75.14 (KHTML, like Gecko) (Coda, like Safari)"
78.150.34.3 - - [04/Jul/2014:18:32:51 -0700] "GET /nesciunt/1 HTTP/1.1" 200 962 "http://monero.fluxministry.com/" "Mozilla/5.0 (Macintosh; Intel Mac OS X 10_9_2) AppleWebKit/537.75.14 (KHTML, like Gecko) (Coda, like Safari)"
78.150.34.3 - - [04/Jul/2014:18:32:52 -0700] "GET / HTTP/1.1" 200 4706 "http://monero.fluxministry.com/nesciunt/1" "Mozilla/5.0 (Macintosh; Intel Mac OS X 10_9_2) AppleWebKit/537.75.14 (KHTML, like Gecko) (Coda, like Safari)"
78.150.34.3 - - [04/Jul/2014:18:32:53 -0700] "GET /minima/8 HTTP/1.1" 200 1247 "http://monero.fluxministry.com/" "Mozilla/5.0 (Macintosh; Intel Mac OS X 10_9_2) AppleWebKit/537.75.14 (KHTML, like Gecko) (Coda, like Safari)"
78.150.34.3 - - [04/Jul/2014:18:32:55 -0700] "GET /minima/8/unleash-user-centric-solutions/38 HTTP/1.1" 200 1586 "http://monero.fluxministry.com/minima/8" "Mozilla/5.0 (Macintosh; Intel Mac OS X 10_9_2) AppleWebKit/537.75.14 (KHTML, like Gecko) (Coda, like Safari)"
78.150.34.3 - - [04/Jul/2014:18:32:57 -0700] "GET /minima/8/unleash-user-centric-solutions/38?page=2 HTTP/1.1" 200 1610 "http://monero.fluxministry.com/minima/8/unleash-user-centric-solutions/38" "Mozilla/5.0 (Macintosh; Intel Mac OS X 10_9_2) AppleWebKit/537.75.14 (KHTML, like Gecko) (Coda, like Safari)"
78.150.34.3 - - [04/Jul/2014:18:32:58 -0700] "GET / HTTP/1.1" 200 4706 "http://monero.fluxministry.com/minima/8/unleash-user-centric-solutions/38?page=2" "Mozilla/5.0 (Macintosh; Intel Mac OS X 10_9_2) AppleWebKit/537.75.14 (KHTML, like Gecko) (Coda, like Safari)"
62.24.181.134 - - [04/Jul/2014:18:33:04 -0700] "GET /nesciunt/1/recontextualize-cutting-edge-roi/1 HTTP/1.0" 200 3838 "http://monero.fluxministry.com/nesciunt/1/recontextualize-cutting-edge-roi/1" "Mozilla/4.0 (compatible; MSIE 8.0; Windows NT 5.1; Trident/4.0; .NET CLR 2.0.50727; .NET CLR 3.0.04506.648; .NET CLR 3.5.21022; .NET CLR 3.0.4506.2152; .NET CLR 3.5.30729; InfoPath.2)"
62.24.181.135 - - [04/Jul/2014:18:33:04 -0700] "GET /nesciunt/1 HTTP/1.0" 200 2408 "http://monero.fluxministry.com/nesciunt/1" "Mozilla/4.0 (compatible; MSIE 8.0; Windows NT 5.1; Trident/4.0; .NET CLR 2.0.50727; .NET CLR 3.0.04506.648; .NET CLR 3.5.21022; .NET CLR 3.0.4506.2152; .NET CLR 3.5.30729; InfoPath.2)"
62.24.181.135 - - [04/Jul/2014:18:33:06 -0700] "GET /minima/8 HTTP/1.0" 200 3437 "http://monero.fluxministry.com/minima/8" "Mozilla/4.0 (compatible; MSIE 8.0; Windows NT 5.1; Trident/4.0; .NET CLR 2.0.50727; .NET CLR 3.0.04506.648; .NET CLR 3.5.21022; .NET CLR 3.0.4506.2152; .NET CLR 3.5.30729; InfoPath.2)"
62.24.181.135 - - [04/Jul/2014:18:33:11 -0700] "GET /minima/8/unleash-user-centric-solutions/38 HTTP/1.0" 200 3751 "http://monero.fluxministry.com/minima/8/unleash-user-centric-solutions/38" "Mozilla/4.0 (compatible; MSIE 8.0; Windows NT 5.1; Trident/4.0; .NET CLR 2.0.50727; .NET CLR 3.0.04506.648; .NET CLR 3.5.21022; .NET CLR 3.0.4506.2152; .NET CLR 3.5.30729; InfoPath.2)"
62.24.181.135 - - [04/Jul/2014:18:33:17 -0700] "GET /earum/3/maximize-strategic-solutions/8 HTTP/1.0" 200 3582 "http://monero.fluxministry.com/earum/3/maximize-strategic-solutions/8" "Mozilla/4.0 (compatible; MSIE 8.0; Windows NT 5.1; Trident/4.0; .NET CLR 2.0.50727; .NET CLR 3.0.04506.648; .NET CLR 3.5.21022; .NET CLR 3.0.4506.2152; .NET CLR 3.5.30729; InfoPath.2)"
78.150.34.3 - - [04/Jul/2014:18:33:31 -0700] "GET /impedit/49 HTTP/1.1" 200 1244 "http://monero.fluxministry.com/" "Mozilla/5.0 (Macintosh; Intel Mac OS X 10_9_2) AppleWebKit/537.75.14 (KHTML, like Gecko) (Coda, like Safari)"
78.150.34.3 - - [04/Jul/2014:18:33:32 -0700] "GET /impedit/49?page=2 HTTP/1.1" 200 1073 "http://monero.fluxministry.com/impedit/49" "Mozilla/5.0 (Macintosh; Intel Mac OS X 10_9_2) AppleWebKit/537.75.14 (KHTML, like Gecko) (Coda, like Safari)"
78.150.34.3 - - [04/Jul/2014:18:33:34 -0700] "GET /impedit/49?page=1 HTTP/1.1" 200 1244 "http://monero.fluxministry.com/impedit/49?page=2" "Mozilla/5.0 (Macintosh; Intel Mac OS X 10_9_2) AppleWebKit/537.75.14 (KHTML, like Gecko) (Coda, like Safari)"
78.150.34.3 - - [04/Jul/2014:18:33:35 -0700] "GET /impedit/49/harness-vertical-synergies/260 HTTP/1.1" 200 1613 "http://monero.fluxministry.com/impedit/49?page=1" "Mozilla/5.0 (Macintosh; Intel Mac OS X 10_9_2) AppleWebKit/537.75.14 (KHTML, like Gecko) (Coda, like Safari)"
78.150.34.3 - - [04/Jul/2014:18:33:42 -0700] "GET / HTTP/1.1" 200 4706 "http://monero.fluxministry.com/impedit/49/harness-vertical-synergies/260" "Mozilla/5.0 (Macintosh; Intel Mac OS X 10_9_2) AppleWebKit/537.75.14 (KHTML, like Gecko) (Coda, like Safari)"
78.150.34.3 - - [04/Jul/2014:18:33:57 -0700] "GET / HTTP/1.1" 200 4706 "-" "Mozilla/5.0 (Macintosh; Intel Mac OS X 10_9_2) AppleWebKit/537.75.14 (KHTML, like Gecko) Version/7.0.3 Safari/537.75.14"
62.24.181.134 - - [04/Jul/2014:18:34:02 -0700] "GET /impedit/49 HTTP/1.0" 200 3425 "http://monero.fluxministry.com/impedit/49" "Mozilla/4.0 (compatible; MSIE 8.0; Windows NT 5.1; Trident/4.0; .NET CLR 2.0.50727; .NET CLR 3.0.04506.648; .NET CLR 3.5.21022; .NET CLR 3.0.4506.2152; .NET CLR 3.5.30729; InfoPath.2)"
62.24.181.135 - - [04/Jul/2014:18:34:08 -0700] "GET /impedit/49/harness-vertical-synergies/260 HTTP/1.0" 200 3838 "http://monero.fluxministry.com/impedit/49/harness-vertical-synergies/260" "Mozilla/4.0 (compatible; MSIE 8.0; Windows NT 5.1; Trident/4.0; .NET CLR 2.0.50727; .NET CLR 3.0.04506.648; .NET CLR 3.5.21022; .NET CLR 3.0.4506.2152; .NET CLR 3.5.30729; InfoPath.2)"
78.150.34.3 - - [04/Jul/2014:18:39:19 -0700] "GET / HTTP/1.1" 200 4706 "http://monero.fluxministry.com/" "Mozilla/5.0 (Macintosh; Intel Mac OS X 10_9_2) AppleWebKit/537.75.14 (KHTML, like Gecko) (Coda, like Safari)"
78.150.34.3 - - [04/Jul/2014:18:39:29 -0700] "GET / HTTP/1.1" 200 4706 "http://monero.fluxministry.com/" "Mozilla/5.0 (Macintosh; Intel Mac OS X 10_9_2) AppleWebKit/537.75.14 (KHTML, like Gecko) (Coda, like Safari)"
78.150.34.3 - - [04/Jul/2014:18:40:18 -0700] "GET /ipsum/29 HTTP/1.1" 200 1255 "http://monero.fluxministry.com/" "Mozilla/5.0 (Macintosh; Intel Mac OS X 10_9_2) AppleWebKit/537.75.14 (KHTML, like Gecko) (Coda, like Safari)"
78.150.34.3 - - [04/Jul/2014:18:40:22 -0700] "GET /ipsum/29/e-enable-cross-platform-markets/142 HTTP/1.1" 200 1568 "http://monero.fluxministry.com/ipsum/29" "Mozilla/5.0 (Macintosh; Intel Mac OS X 10_9_2) AppleWebKit/537.75.14 (KHTML, like Gecko) (Coda, like Safari)"
78.150.34.3 - - [04/Jul/2014:18:40:48 -0700] "GET / HTTP/1.1" 200 4706 "http://monero.fluxministry.com/ipsum/29/e-enable-cross-platform-markets/142" "Mozilla/5.0 (Macintosh; Intel Mac OS X 10_9_2) AppleWebKit/537.75.14 (KHTML, like Gecko) (Coda, like Safari)"
62.24.181.135 - - [04/Jul/2014:18:40:49 -0700] "GET /ipsum/29 HTTP/1.0" 200 3436 "http://monero.fluxministry.com/ipsum/29" "Mozilla/4.0 (compatible; MSIE 8.0; Windows NT 5.1; Trident/4.0; .NET CLR 2.0.50727; .NET CLR 3.0.04506.648; .NET CLR 3.5.21022; .NET CLR 3.0.4506.2152; .NET CLR 3.5.30729; InfoPath.2)"
62.24.181.134 - - [04/Jul/2014:18:40:52 -0700] "GET /ipsum/29/e-enable-cross-platform-markets/142 HTTP/1.0" 200 3764 "http://monero.fluxministry.com/ipsum/29/e-enable-cross-platform-markets/142" "Mozilla/4.0 (compatible; MSIE 8.0; Windows NT 5.1; Trident/4.0; .NET CLR 2.0.50727; .NET CLR 3.0.04506.648; .NET CLR 3.5.21022; .NET CLR 3.0.4506.2152; .NET CLR 3.5.30729; InfoPath.2)"
78.150.34.3 - - [05/Jul/2014:09:32:20 -0700] "GET / HTTP/1.1" 200 4706 "-" "Mozilla/5.0 (Macintosh; Intel Mac OS X 10_9_2) AppleWebKit/537.75.14 (KHTML, like Gecko) Version/7.0.3 Safari/537.75.14"
78.150.34.3 - - [05/Jul/2014:09:32:25 -0700] "GET /autem/24 HTTP/1.1" 200 1244 "http://monero.fluxministry.com/" "Mozilla/5.0 (Macintosh; Intel Mac OS X 10_9_2) AppleWebKit/537.75.14 (KHTML, like Gecko) Version/7.0.3 Safari/537.75.14"
78.150.34.3 - - [05/Jul/2014:09:32:27 -0700] "GET /autem/24/monetize-best-of-breed-e-business/107 HTTP/1.1" 200 1413 "http://monero.fluxministry.com/autem/24" "Mozilla/5.0 (Macintosh; Intel Mac OS X 10_9_2) AppleWebKit/537.75.14 (KHTML, like Gecko) Version/7.0.3 Safari/537.75.14"
78.150.34.3 - - [05/Jul/2014:09:32:44 -0700] "GET / HTTP/1.1" 200 4706 "http://monero.fluxministry.com/autem/24/monetize-best-of-breed-e-business/107" "Mozilla/5.0 (Macintosh; Intel Mac OS X 10_9_2) AppleWebKit/537.75.14 (KHTML, like Gecko) Version/7.0.3 Safari/537.75.14"
78.150.34.3 - - [05/Jul/2014:09:32:47 -0700] "GET /est/27 HTTP/1.1" 200 1005 "http://monero.fluxministry.com/" "Mozilla/5.0 (Macintosh; Intel Mac OS X 10_9_2) AppleWebKit/537.75.14 (KHTML, like Gecko) Version/7.0.3 Safari/537.75.14"
78.150.34.3 - - [05/Jul/2014:09:32:48 -0700] "GET /est/27/engage-interactive-architectures/127 HTTP/1.1" 200 1589 "http://monero.fluxministry.com/est/27" "Mozilla/5.0 (Macintosh; Intel Mac OS X 10_9_2) AppleWebKit/537.75.14 (KHTML, like Gecko) Version/7.0.3 Safari/537.75.14"
78.150.34.3 - - [05/Jul/2014:09:32:49 -0700] "GET /est/27/engage-interactive-architectures/127?page=2 HTTP/1.1" 200 1549 "http://monero.fluxministry.com/est/27/engage-interactive-architectures/127" "Mozilla/5.0 (Macintosh; Intel Mac OS X 10_9_2) AppleWebKit/537.75.14 (KHTML, like Gecko) Version/7.0.3 Safari/537.75.14"
78.150.34.3 - - [05/Jul/2014:09:32:49 -0700] "GET /est/27/engage-interactive-architectures/127?page=1 HTTP/1.1" 200 1589 "http://monero.fluxministry.com/est/27/engage-interactive-architectures/127?page=2" "Mozilla/5.0 (Macintosh; Intel Mac OS X 10_9_2) AppleWebKit/537.75.14 (KHTML, like Gecko) Version/7.0.3 Safari/537.75.14"
78.150.34.3 - - [05/Jul/2014:09:32:50 -0700] "GET /est/27/engage-interactive-architectures/127?page=2 HTTP/1.1" 200 1549 "http://monero.fluxministry.com/est/27/engage-interactive-architectures/127?page=1" "Mozilla/5.0 (Macintosh; Intel Mac OS X 10_9_2) AppleWebKit/537.75.14 (KHTML, like Gecko) Version/7.0.3 Safari/537.75.14"
78.150.34.3 - - [05/Jul/2014:09:32:51 -0700] "GET /est/27/engage-interactive-architectures/127?page=1 HTTP/1.1" 200 1589 "http://monero.fluxministry.com/est/27/engage-interactive-architectures/127?page=2" "Mozilla/5.0 (Macintosh; Intel Mac OS X 10_9_2) AppleWebKit/537.75.14 (KHTML, like Gecko) Version/7.0.3 Safari/537.75.14"
78.150.34.3 - - [05/Jul/2014:09:32:51 -0700] "GET /est/27/engage-interactive-architectures/127?page=2 HTTP/1.1" 200 1549 "http://monero.fluxministry.com/est/27/engage-interactive-architectures/127?page=1" "Mozilla/5.0 (Macintosh; Intel Mac OS X 10_9_2) AppleWebKit/537.75.14 (KHTML, like Gecko) Version/7.0.3 Safari/537.75.14"
78.150.34.3 - - [05/Jul/2014:09:32:52 -0700] "GET /est/27/engage-interactive-architectures/127?page=1 HTTP/1.1" 200 1589 "http://monero.fluxministry.com/est/27/engage-interactive-architectures/127?page=2" "Mozilla/5.0 (Macintosh; Intel Mac OS X 10_9_2) AppleWebKit/537.75.14 (KHTML, like Gecko) Version/7.0.3 Safari/537.75.14"
78.150.34.3 - - [05/Jul/2014:09:32:53 -0700] "GET /est/27/engage-interactive-architectures/127?page=2 HTTP/1.1" 200 1549 "http://monero.fluxministry.com/est/27/engage-interactive-architectures/127?page=1" "Mozilla/5.0 (Macintosh; Intel Mac OS X 10_9_2) AppleWebKit/537.75.14 (KHTML, like Gecko) Version/7.0.3 Safari/537.75.14"
78.150.34.3 - - [05/Jul/2014:09:32:54 -0700] "GET /est/27/engage-interactive-architectures/127?page=1 HTTP/1.1" 200 1589 "http://monero.fluxministry.com/est/27/engage-interactive-architectures/127?page=2" "Mozilla/5.0 (Macintosh; Intel Mac OS X 10_9_2) AppleWebKit/537.75.14 (KHTML, like Gecko) Version/7.0.3 Safari/537.75.14"
78.150.34.3 - - [05/Jul/2014:09:32:55 -0700] "GET /est/27/engage-interactive-architectures/127?page=2 HTTP/1.1" 200 1549 "http://monero.fluxministry.com/est/27/engage-interactive-architectures/127?page=1" "Mozilla/5.0 (Macintosh; Intel Mac OS X 10_9_2) AppleWebKit/537.75.14 (KHTML, like Gecko) Version/7.0.3 Safari/537.75.14"
78.150.34.3 - - [05/Jul/2014:09:32:56 -0700] "GET / HTTP/1.1" 200 4706 "http://monero.fluxministry.com/est/27/engage-interactive-architectures/127?page=2" "Mozilla/5.0 (Macintosh; Intel Mac OS X 10_9_2) AppleWebKit/537.75.14 (KHTML, like Gecko) Version/7.0.3 Safari/537.75.14"
62.24.181.134 - - [05/Jul/2014:09:32:58 -0700] "GET /robots.txt HTTP/1.0" 200 24 "http://monero.fluxministry.com/robots.txt" "Mozilla/4.0 (compatible; MSIE 8.0; Windows NT 5.1; Trident/4.0; .NET CLR 2.0.50727; .NET CLR 3.0.04506.648; .NET CLR 3.5.21022; .NET CLR 3.0.4506.2152; .NET CLR 3.5.30729; InfoPath.2)"
62.24.181.134 - - [05/Jul/2014:09:32:58 -0700] "GET /autem/24 HTTP/1.0" 200 3444 "http://monero.fluxministry.com/autem/24" "Mozilla/4.0 (compatible; MSIE 8.0; Windows NT 5.1; Trident/4.0; .NET CLR 2.0.50727; .NET CLR 3.0.04506.648; .NET CLR 3.5.21022; .NET CLR 3.0.4506.2152; .NET CLR 3.5.30729; InfoPath.2)"
62.24.181.134 - - [05/Jul/2014:09:32:59 -0700] "GET /autem/24/monetize-best-of-breed-e-business/107 HTTP/1.0" 200 3344 "http://monero.fluxministry.com/autem/24/monetize-best-of-breed-e-business/107" "Mozilla/4.0 (compatible; MSIE 8.0; Windows NT 5.1; Trident/4.0; .NET CLR 2.0.50727; .NET CLR 3.0.04506.648; .NET CLR 3.5.21022; .NET CLR 3.0.4506.2152; .NET CLR 3.5.30729; InfoPath.2)"
62.24.181.135 - - [05/Jul/2014:09:33:18 -0700] "GET /robots.txt HTTP/1.0" 200 24 "http://monero.fluxministry.com/robots.txt" "Mozilla/4.0 (compatible; MSIE 8.0; Windows NT 5.1; Trident/4.0; .NET CLR 2.0.50727; .NET CLR 3.0.04506.648; .NET CLR 3.5.21022; .NET CLR 3.0.4506.2152; .NET CLR 3.5.30729; InfoPath.2)"
62.24.181.135 - - [05/Jul/2014:09:33:18 -0700] "GET /est/27 HTTP/1.0" 200 2580 "http://monero.fluxministry.com/est/27" "Mozilla/4.0 (compatible; MSIE 8.0; Windows NT 5.1; Trident/4.0; .NET CLR 2.0.50727; .NET CLR 3.0.04506.648; .NET CLR 3.5.21022; .NET CLR 3.0.4506.2152; .NET CLR 3.5.30729; InfoPath.2)"
62.24.181.135 - - [05/Jul/2014:09:33:19 -0700] "GET /est/27/engage-interactive-architectures/127 HTTP/1.0" 200 3781 "http://monero.fluxministry.com/est/27/engage-interactive-architectures/127" "Mozilla/4.0 (compatible; MSIE 8.0; Windows NT 5.1; Trident/4.0; .NET CLR 2.0.50727; .NET CLR 3.0.04506.648; .NET CLR 3.5.21022; .NET CLR 3.0.4506.2152; .NET CLR 3.5.30729; InfoPath.2)"
78.150.34.3 - - [05/Jul/2014:09:35:08 -0700] "GET / HTTP/1.1" 200 4706 "http://monero.fluxministry.com/" "Mozilla/5.0 (Macintosh; Intel Mac OS X 10_9_2) AppleWebKit/537.75.14 (KHTML, like Gecko) Version/7.0.3 Safari/537.75.14"
78.150.34.3 - - [05/Jul/2014:14:05:59 -0700] "GET / HTTP/1.1" 200 4706 "-" "Mozilla/5.0 (Macintosh; Intel Mac OS X 10_9_4) AppleWebKit/537.77.4 (KHTML, like Gecko) Version/1.0 Safari/1"
62.24.181.135 - - [05/Jul/2014:14:06:30 -0700] "GET / HTTP/1.0" 200 12688 "http://monero.fluxministry.com/" "Mozilla/4.0 (compatible; MSIE 8.0; Windows NT 5.1; Trident/4.0; .NET CLR 2.0.50727; .NET CLR 3.0.04506.648; .NET CLR 3.5.21022; .NET CLR 3.0.4506.2152; .NET CLR 3.5.30729; InfoPath.2)"
78.150.34.3 - - [05/Jul/2014:14:19:30 -0700] "GET / HTTP/1.1" 200 4706 "-" "Mozilla/5.0 (Macintosh; Intel Mac OS X 10_9_4) AppleWebKit/537.77.4 (KHTML, like Gecko) Version/7.0.5 Safari/537.77.4"
78.150.34.3 - - [05/Jul/2014:15:12:45 -0700] "GET / HTTP/1.1" 200 4706 "-" "Mozilla/5.0 (Macintosh; Intel Mac OS X 10_9_4) AppleWebKit/537.77.4 (KHTML, like Gecko) Version/7.0.5 Safari/537.77.4"
78.149.60.68 - - [08/Jul/2014:11:14:42 -0700] "GET / HTTP/1.1" 200 4706 "-" "Mozilla/5.0 (Macintosh; Intel Mac OS X 10_9_4) AppleWebKit/537.77.4 (KHTML, like Gecko)"
78.149.60.68 - - [08/Jul/2014:11:14:45 -0700] "GET /apple-touch-icon-precomposed.png HTTP/1.1" 404 17545 "-" "Coda/3410 CFNetwork/673.4 Darwin/13.3.0 (x86_64) (MacBookPro9%2C2)"
78.149.60.68 - - [08/Jul/2014:11:14:45 -0700] "GET /apple-touch-icon.png HTTP/1.1" 404 17537 "-" "Coda/3410 CFNetwork/673.4 Darwin/13.3.0 (x86_64) (MacBookPro9%2C2)"
62.24.181.135 - - [08/Jul/2014:11:16:00 -0700] "GET / HTTP/1.0" 200 12688 "http://monero.fluxministry.com/" "Mozilla/4.0 (compatible; MSIE 8.0; Windows NT 5.1; Trident/4.0; .NET CLR 2.0.50727; .NET CLR 3.0.04506.648; .NET CLR 3.5.21022; .NET CLR 3.0.4506.2152; .NET CLR 3.5.30729; InfoPath.2)"
92.20.228.159 - - [10/Jul/2014:04:12:40 -0700] "GET / HTTP/1.1" 200 4706 "-" "Mozilla/5.0 (Macintosh; Intel Mac OS X 10_9_4) AppleWebKit/537.77.4 (KHTML, like Gecko) Version/7.0.5 Safari/537.77.4"
92.20.228.159 - - [10/Jul/2014:11:20:55 -0700] "GET / HTTP/1.1" 200 4706 "-" "Mozilla/5.0 (Macintosh; Intel Mac OS X 10_9_4) AppleWebKit/537.77.4 (KHTML, like Gecko) Version/7.0.5 Safari/537.77.4"
78.149.55.66 - - [11/Jul/2014:02:50:47 -0700] "GET / HTTP/1.1" 200 4706 "-" "Mozilla/5.0 (Macintosh; Intel Mac OS X 10_9_4) AppleWebKit/537.77.4 (KHTML, like Gecko)"
78.149.55.66 - - [11/Jul/2014:02:50:50 -0700] "GET /apple-touch-icon-precomposed.png HTTP/1.1" 404 17547 "-" "Coda/3410 CFNetwork/673.4 Darwin/13.3.0 (x86_64) (MacBookPro9%2C2)"
78.149.55.66 - - [11/Jul/2014:02:50:50 -0700] "GET /apple-touch-icon.png HTTP/1.1" 404 17538 "-" "Coda/3410 CFNetwork/673.4 Darwin/13.3.0 (x86_64) (MacBookPro9%2C2)"
62.24.181.135 - - [11/Jul/2014:02:52:40 -0700] "GET / HTTP/1.0" 200 12688 "http://monero.fluxministry.com/" "Mozilla/4.0 (compatible; MSIE 8.0; Windows NT 5.1; Trident/4.0; .NET CLR 2.0.50727; .NET CLR 3.0.04506.648; .NET CLR 3.5.21022; .NET CLR 3.0.4506.2152; .NET CLR 3.5.30729; InfoPath.2)"
78.149.55.66 - - [11/Jul/2014:02:52:52 -0700] "GET / HTTP/1.1" 200 4706 "-" "Mozilla/5.0 (Macintosh; Intel Mac OS X 10_9_4) AppleWebKit/537.77.4 (KHTML, like Gecko) (Coda, like Safari)"
78.149.55.66 - - [11/Jul/2014:02:53:05 -0700] "GET /earum/3 HTTP/1.1" 200 1240 "http://monero.fluxministry.com/" "Mozilla/5.0 (Macintosh; Intel Mac OS X 10_9_4) AppleWebKit/537.77.4 (KHTML, like Gecko) (Coda, like Safari)"
78.149.55.66 - - [11/Jul/2014:02:53:06 -0700] "GET /earum/3?page=2 HTTP/1.1" 200 1060 "http://monero.fluxministry.com/earum/3" "Mozilla/5.0 (Macintosh; Intel Mac OS X 10_9_4) AppleWebKit/537.77.4 (KHTML, like Gecko) (Coda, like Safari)"
78.149.55.66 - - [11/Jul/2014:02:53:07 -0700] "GET / HTTP/1.1" 200 4706 "http://monero.fluxministry.com/earum/3?page=2" "Mozilla/5.0 (Macintosh; Intel Mac OS X 10_9_4) AppleWebKit/537.77.4 (KHTML, like Gecko) (Coda, like Safari)"
78.149.55.66 - - [11/Jul/2014:02:53:09 -0700] "GET /nesciunt/1 HTTP/1.1" 200 962 "http://monero.fluxministry.com/" "Mozilla/5.0 (Macintosh; Intel Mac OS X 10_9_4) AppleWebKit/537.77.4 (KHTML, like Gecko) (Coda, like Safari)"
