2.97.189.189 - - [18/Jul/2014:06:42:58 -0700] "GET /keychain/sync/ratings/pull HTTP/1.1" 200 864 "-" "Mozilla/5.0 (Macintosh; Intel Mac OS X 10_9_4) AppleWebKit/537.77.4 (KHTML, like Gecko) Version/7.0.5 Safari/537.77.4"
2.97.189.189 - - [18/Jul/2014:06:44:54 -0700] "GET / HTTP/1.1" 200 4792 "http://monero.fluxministry.com/keychain/sync/ratings/pull" "Mozilla/5.0 (Macintosh; Intel Mac OS X 10_9_4) AppleWebKit/537.77.4 (KHTML, like Gecko) Version/7.0.5 Safari/537.77.4"
2.97.189.189 - - [18/Jul/2014:06:45:05 -0700] "GET /keychain/sync/ratings/pull HTTP/1.1" 200 864 "-" "Mozilla/5.0 (Macintosh; Intel Mac OS X 10_9_4) AppleWebKit/537.77.4 (KHTML, like Gecko) Version/7.0.5 Safari/537.77.4"
2.97.189.189 - - [18/Jul/2014:06:45:42 -0700] "GET /do HTTP/1.1" 500 43670 "-" "Mozilla/5.0 (Macintosh; Intel Mac OS X 10_9_4) AppleWebKit/537.77.4 (KHTML, like Gecko) Version/7.0.5 Safari/537.77.4"
2.97.189.189 - - [18/Jul/2014:06:45:57 -0700] "GET /keychain/sync/ratings/pull HTTP/1.1" 200 864 "-" "Mozilla/5.0 (Macintosh; Intel Mac OS X 10_9_4) AppleWebKit/537.77.4 (KHTML, like Gecko) Version/7.0.5 Safari/537.77.4"
2.97.189.189 - - [18/Jul/2014:06:45:58 -0700] "GET /keychain/sync/ratings/pull HTTP/1.1" 200 864 "-" "Mozilla/5.0 (Macintosh; Intel Mac OS X 10_9_4) AppleWebKit/537.77.4 (KHTML, like Gecko) Version/7.0.5 Safari/537.77.4"
62.24.181.135 - - [18/Jul/2014:06:46:13 -0700] "GET /robots.txt HTTP/1.0" 200 24 "http://monero.fluxministry.com/robots.txt" "Mozilla/4.0 (compatible; MSIE 8.0; Windows NT 5.1; Trident/4.0; .NET CLR 2.0.50727; .NET CLR 3.0.04506.648; .NET CLR 3.5.21022; .NET CLR 3.0.4506.2152; .NET CLR 3.5.30729; InfoPath.2)"
62.24.181.135 - - [18/Jul/2014:06:46:13 -0700] "GET /do HTTP/1.0" 500 41098 "http://monero.fluxministry.com/do" "Mozilla/4.0 (compatible; MSIE 8.0; Windows NT 5.1; Trident/4.0; .NET CLR 2.0.50727; .NET CLR 3.0.04506.648; .NET CLR 3.5.21022; .NET CLR 3.0.4506.2152; .NET CLR 3.5.30729; InfoPath.2)"
2.97.189.189 - - [18/Jul/2014:06:46:26 -0700] "GET //keychain/sync/ratings/pull HTTP/1.1" 200 864 "-" "Mozilla/5.0 (Macintosh; Intel Mac OS X 10_9_4) AppleWebKit/537.77.4 (KHTML, like Gecko) Version/7.0.5 Safari/537.77.4"
2.97.189.189 - - [18/Jul/2014:06:46:38 -0700] "GET /logout HTTP/1.1" 302 421 "-" "Mozilla/5.0 (Macintosh; Intel Mac OS X 10_9_4) AppleWebKit/537.77.4 (KHTML, like Gecko) Version/7.0.5 Safari/537.77.4"
2.97.189.189 - - [18/Jul/2014:06:46:38 -0700] "GET / HTTP/1.1" 200 5752 "-" "Mozilla/5.0 (Macintosh; Intel Mac OS X 10_9_4) AppleWebKit/537.77.4 (KHTML, like Gecko) Version/7.0.5 Safari/537.77.4"
2.97.189.189 - - [18/Jul/2014:06:46:42 -0700] "POST /login HTTP/1.1" 302 425 "http://monero.fluxministry.com/" "Mozilla/5.0 (Macintosh; Intel Mac OS X 10_9_4) AppleWebKit/537.77.4 (KHTML, like Gecko) Version/7.0.5 Safari/537.77.4"
2.97.189.189 - - [18/Jul/2014:06:46:42 -0700] "GET / HTTP/1.1" 200 4792 "http://monero.fluxministry.com/" "Mozilla/5.0 (Macintosh; Intel Mac OS X 10_9_4) AppleWebKit/537.77.4 (KHTML, like Gecko) Version/7.0.5 Safari/537.77.4"
62.24.181.135 - - [18/Jul/2014:06:46:56 -0700] "GET /robots.txt HTTP/1.0" 200 24 "http://monero.fluxministry.com/robots.txt" "Mozilla/4.0 (compatible; MSIE 8.0; Windows NT 5.1; Trident/4.0; .NET CLR 2.0.50727; .NET CLR 3.0.04506.648; .NET CLR 3.5.21022; .NET CLR 3.0.4506.2152; .NET CLR 3.5.30729; InfoPath.2)"
62.24.181.135 - - [18/Jul/2014:06:46:57 -0700] "GET //keychain/sync/ratings/pull HTTP/1.0" 200 6223 "http://monero.fluxministry.com//keychain/sync/ratings/pull" "Mozilla/4.0 (compatible; MSIE 8.0; Windows NT 5.1; Trident/4.0; .NET CLR 2.0.50727; .NET CLR 3.0.04506.648; .NET CLR 3.5.21022; .NET CLR 3.0.4506.2152; .NET CLR 3.5.30729; InfoPath.2)"
2.97.189.189 - - [18/Jul/2014:06:49:24 -0700] "GET /qq HTTP/1.1" 404 17931 "-" "Mozilla/5.0 (Macintosh; Intel Mac OS X 10_9_4) AppleWebKit/537.77.4 (KHTML, like Gecko) Version/7.0.5 Safari/537.77.4"
2.97.189.189 - - [18/Jul/2014:06:49:29 -0700] "GET /keychain/sync/ratings/pull HTTP/1.1" 200 864 "-" "Mozilla/5.0 (Macintosh; Intel Mac OS X 10_9_4) AppleWebKit/537.77.4 (KHTML, like Gecko) Version/7.0.5 Safari/537.77.4"
62.24.181.134 - - [18/Jul/2014:06:49:55 -0700] "GET /robots.txt HTTP/1.0" 200 24 "http://monero.fluxministry.com/robots.txt" "Mozilla/4.0 (compatible; MSIE 8.0; Windows NT 5.1; Trident/4.0; .NET CLR 2.0.50727; .NET CLR 3.0.04506.648; .NET CLR 3.5.21022; .NET CLR 3.0.4506.2152; .NET CLR 3.5.30729; InfoPath.2)"
62.24.181.134 - - [18/Jul/2014:06:49:55 -0700] "GET /qq HTTP/1.0" 404 55710 "http://monero.fluxministry.com/qq" "Mozilla/4.0 (compatible; MSIE 8.0; Windows NT 5.1; Trident/4.0; .NET CLR 2.0.50727; .NET CLR 3.0.04506.648; .NET CLR 3.5.21022; .NET CLR 3.0.4506.2152; .NET CLR 3.5.30729; InfoPath.2)"
2.97.189.189 - - [18/Jul/2014:06:50:56 -0700] "GET /keychain/sync/ratings/pull HTTP/1.1" 200 864 "-" "Mozilla/5.0 (Macintosh; Intel Mac OS X 10_9_4) AppleWebKit/537.77.4 (KHTML, like Gecko) Version/7.0.5 Safari/537.77.4"
2.97.189.189 - - [18/Jul/2014:06:50:57 -0700] "GET /keychain/sync/ratings/pull HTTP/1.1" 200 864 "-" "Mozilla/5.0 (Macintosh; Intel Mac OS X 10_9_4) AppleWebKit/537.77.4 (KHTML, like Gecko) Version/7.0.5 Safari/537.77.4"
2.97.189.189 - - [18/Jul/2014:06:51:12 -0700] "GET /pull HTTP/1.1" 404 17942 "-" "Mozilla/5.0 (Macintosh; Intel Mac OS X 10_9_4) AppleWebKit/537.77.4 (KHTML, like Gecko) Version/7.0.5 Safari/537.77.4"
2.97.189.189 - - [18/Jul/2014:06:51:21 -0700] "GET /keychain/pull HTTP/1.1" 200 869 "-" "Mozilla/5.0 (Macintosh; Intel Mac OS X 10_9_4) AppleWebKit/537.77.4 (KHTML, like Gecko) Version/7.0.5 Safari/537.77.4"
2.97.189.189 - - [18/Jul/2014:06:51:38 -0700] "GET /keychain/pull HTTP/1.1" 200 869 "-" "Mozilla/5.0 (Macintosh; Intel Mac OS X 10_9_4) AppleWebKit/537.77.4 (KHTML, like Gecko) Version/7.0.5 Safari/537.77.4"
2.97.189.189 - - [18/Jul/2014:06:51:39 -0700] "GET /keychain/pull HTTP/1.1" 200 869 "-" "Mozilla/5.0 (Macintosh; Intel Mac OS X 10_9_4) AppleWebKit/537.77.4 (KHTML, like Gecko) Version/7.0.5 Safari/537.77.4"
62.24.181.135 - - [18/Jul/2014:06:51:43 -0700] "GET /pull HTTP/1.0" 404 55718 "http://monero.fluxministry.com/pull" "Mozilla/4.0 (compatible; MSIE 8.0; Windows NT 5.1; Trident/4.0; .NET CLR 2.0.50727; .NET CLR 3.0.04506.648; .NET CLR 3.5.21022; .NET CLR 3.0.4506.2152; .NET CLR 3.5.30729; InfoPath.2)"
62.24.181.134 - - [18/Jul/2014:06:51:57 -0700] "GET /robots.txt HTTP/1.0" 200 24 "http://monero.fluxministry.com/robots.txt" "Mozilla/4.0 (compatible; MSIE 8.0; Windows NT 5.1; Trident/4.0; .NET CLR 2.0.50727; .NET CLR 3.0.04506.648; .NET CLR 3.5.21022; .NET CLR 3.0.4506.2152; .NET CLR 3.5.30729; InfoPath.2)"
62.24.181.134 - - [18/Jul/2014:06:51:57 -0700] "GET /keychain/pull HTTP/1.0" 200 6253 "http://monero.fluxministry.com/keychain/pull" "Mozilla/4.0 (compatible; MSIE 8.0; Windows NT 5.1; Trident/4.0; .NET CLR 2.0.50727; .NET CLR 3.0.04506.648; .NET CLR 3.5.21022; .NET CLR 3.0.4506.2152; .NET CLR 3.5.30729; InfoPath.2)"
2.97.189.189 - - [18/Jul/2014:06:52:19 -0700] "GET /keychain/pull HTTP/1.1" 200 869 "-" "Mozilla/5.0 (Macintosh; Intel Mac OS X 10_9_4) AppleWebKit/537.77.4 (KHTML, like Gecko) Version/7.0.5 Safari/537.77.4"
2.97.189.189 - - [18/Jul/2014:06:52:20 -0700] "GET /keychain/pull HTTP/1.1" 200 869 "-" "Mozilla/5.0 (Macintosh; Intel Mac OS X 10_9_4) AppleWebKit/537.77.4 (KHTML, like Gecko) Version/7.0.5 Safari/537.77.4"
2.97.189.189 - - [18/Jul/2014:06:52:21 -0700] "GET /keychain/pull HTTP/1.1" 200 869 "-" "Mozilla/5.0 (Macintosh; Intel Mac OS X 10_9_4) AppleWebKit/537.77.4 (KHTML, like Gecko) Version/7.0.5 Safari/537.77.4"
2.97.189.189 - - [18/Jul/2014:06:52:42 -0700] "GET /do HTTP/1.1" 500 66962 "-" "Mozilla/5.0 (Macintosh; Intel Mac OS X 10_9_4) AppleWebKit/537.77.4 (KHTML, like Gecko) Version/7.0.5 Safari/537.77.4"
2.97.189.189 - - [18/Jul/2014:06:53:47 -0700] "GET /do HTTP/1.1" 500 67053 "-" "Mozilla/5.0 (Macintosh; Intel Mac OS X 10_9_4) AppleWebKit/537.77.4 (KHTML, like Gecko) Version/7.0.5 Safari/537.77.4"
2.97.189.189 - - [18/Jul/2014:06:57:46 -0700] "GET /do HTTP/1.1" 500 67055 "-" "Mozilla/5.0 (Macintosh; Intel Mac OS X 10_9_4) AppleWebKit/537.77.4 (KHTML, like Gecko) Version/7.0.5 Safari/537.77.4"
2.97.189.189 - - [18/Jul/2014:06:59:43 -0700] "GET /do HTTP/1.1" 500 67144 "-" "Mozilla/5.0 (Macintosh; Intel Mac OS X 10_9_4) AppleWebKit/537.77.4 (KHTML, like Gecko) Version/7.0.5 Safari/537.77.4"
2.97.189.189 - - [18/Jul/2014:07:00:01 -0700] "GET /do HTTP/1.1" 500 67830 "-" "Mozilla/5.0 (Macintosh; Intel Mac OS X 10_9_4) AppleWebKit/537.77.4 (KHTML, like Gecko) Version/7.0.5 Safari/537.77.4"
2.97.189.189 - - [18/Jul/2014:07:01:06 -0700] "GET /do HTTP/1.1" 200 50 "-" "Mozilla/5.0 (Macintosh; Intel Mac OS X 10_9_4) AppleWebKit/537.77.4 (KHTML, like Gecko) Version/7.0.5 Safari/537.77.4"
2.97.189.189 - - [18/Jul/2014:07:02:00 -0700] "GET /do HTTP/1.1" 200 50 "-" "Mozilla/5.0 (Macintosh; Intel Mac OS X 10_9_4) AppleWebKit/537.77.4 (KHTML, like Gecko) Version/7.0.5 Safari/537.77.4"
2.97.189.189 - - [18/Jul/2014:07:02:10 -0700] "GET /do HTTP/1.1" 500 67828 "-" "Mozilla/5.0 (Macintosh; Intel Mac OS X 10_9_4) AppleWebKit/537.77.4 (KHTML, like Gecko) Version/7.0.5 Safari/537.77.4"
2.97.189.189 - - [18/Jul/2014:07:03:17 -0700] "GET /do HTTP/1.1" 500 67988 "-" "Mozilla/5.0 (Macintosh; Intel Mac OS X 10_9_4) AppleWebKit/537.77.4 (KHTML, like Gecko) Version/7.0.5 Safari/537.77.4"
2.97.189.189 - - [18/Jul/2014:07:03:43 -0700] "GET /do HTTP/1.1" 500 67037 "-" "Mozilla/5.0 (Macintosh; Intel Mac OS X 10_9_4) AppleWebKit/537.77.4 (KHTML, like Gecko) Version/7.0.5 Safari/537.77.4"
2.97.189.189 - - [18/Jul/2014:07:04:21 -0700] "GET /do HTTP/1.1" 200 35 "-" "Mozilla/5.0 (Macintosh; Intel Mac OS X 10_9_4) AppleWebKit/537.77.4 (KHTML, like Gecko) Version/7.0.5 Safari/537.77.4"
2.97.189.189 - - [18/Jul/2014:07:04:34 -0700] "GET /user/profile HTTP/1.1" 200 963 "-" "Mozilla/5.0 (Macintosh; Intel Mac OS X 10_9_4) AppleWebKit/537.77.4 (KHTML, like Gecko) Version/7.0.5 Safari/537.77.4"
2.97.189.189 - - [18/Jul/2014:07:07:14 -0700] "GET /do HTTP/1.1" 200 35 "-" "Mozilla/5.0 (Macintosh; Intel Mac OS X 10_9_4) AppleWebKit/537.77.4 (KHTML, like Gecko) Version/7.0.5 Safari/537.77.4"
2.97.189.189 - - [18/Jul/2014:07:07:18 -0700] "GET /user/profile HTTP/1.1" 200 963 "-" "Mozilla/5.0 (Macintosh; Intel Mac OS X 10_9_4) AppleWebKit/537.77.4 (KHTML, like Gecko) Version/7.0.5 Safari/537.77.4"
2.97.189.189 - - [18/Jul/2014:07:11:39 -0700] "GET /user/profile HTTP/1.1" 200 963 "-" "Mozilla/5.0 (Macintosh; Intel Mac OS X 10_9_4) AppleWebKit/537.77.4 (KHTML, like Gecko) Version/7.0.5 Safari/537.77.4"
2.97.189.189 - - [18/Jul/2014:07:11:55 -0700] "GET /user/profile HTTP/1.1" 200 963 "-" "Mozilla/5.0 (Macintosh; Intel Mac OS X 10_9_4) AppleWebKit/537.77.4 (KHTML, like Gecko) Version/7.0.5 Safari/537.77.4"
2.97.189.189 - - [18/Jul/2014:07:13:07 -0700] "GET /user/profile HTTP/1.1" 200 8528 "-" "Mozilla/5.0 (Macintosh; Intel Mac OS X 10_9_4) AppleWebKit/537.77.4 (KHTML, like Gecko) Version/7.0.5 Safari/537.77.4"
2.97.189.189 - - [18/Jul/2014:07:13:22 -0700] "GET /user/profile HTTP/1.1" 200 964 "-" "Mozilla/5.0 (Macintosh; Intel Mac OS X 10_9_4) AppleWebKit/537.77.4 (KHTML, like Gecko) Version/7.0.5 Safari/537.77.4"
2.97.189.189 - - [18/Jul/2014:07:13:42 -0700] "GET /user/profile HTTP/1.1" 200 11727 "-" "Mozilla/5.0 (Macintosh; Intel Mac OS X 10_9_4) AppleWebKit/537.77.4 (KHTML, like Gecko) Version/7.0.5 Safari/537.77.4"
2.97.189.189 - - [18/Jul/2014:07:14:07 -0700] "GET /user/profile HTTP/1.1" 200 1171 "-" "Mozilla/5.0 (Macintosh; Intel Mac OS X 10_9_4) AppleWebKit/537.77.4 (KHTML, like Gecko) Version/7.0.5 Safari/537.77.4"
2.97.189.189 - - [18/Jul/2014:07:15:17 -0700] "GET /user/profile HTTP/1.1" 200 1171 "-" "Mozilla/5.0 (Macintosh; Intel Mac OS X 10_9_4) AppleWebKit/537.77.4 (KHTML, like Gecko) Version/7.0.5 Safari/537.77.4"
2.97.189.189 - - [18/Jul/2014:07:15:54 -0700] "GET /user/profile HTTP/1.1" 200 1171 "-" "Mozilla/5.0 (Macintosh; Intel Mac OS X 10_9_4) AppleWebKit/537.77.4 (KHTML, like Gecko) Version/7.0.5 Safari/537.77.4"
2.97.189.189 - - [18/Jul/2014:07:15:58 -0700] "GET /do HTTP/1.1" 200 35 "http://monero.fluxministry.com/user/profile" "Mozilla/5.0 (Macintosh; Intel Mac OS X 10_9_4) AppleWebKit/537.77.4 (KHTML, like Gecko) Version/7.0.5 Safari/537.77.4"
2.97.189.189 - - [18/Jul/2014:07:16:03 -0700] "GET / HTTP/1.1" 200 4792 "http://monero.fluxministry.com/user/profile" "Mozilla/5.0 (Macintosh; Intel Mac OS X 10_9_4) AppleWebKit/537.77.4 (KHTML, like Gecko) Version/7.0.5 Safari/537.77.4"
2.97.189.189 - - [18/Jul/2014:07:16:06 -0700] "GET /user/313 HTTP/1.1" 200 1111 "http://monero.fluxministry.com/" "Mozilla/5.0 (Macintosh; Intel Mac OS X 10_9_4) AppleWebKit/537.77.4 (KHTML, like Gecko) Version/7.0.5 Safari/537.77.4"
2.97.189.189 - - [18/Jul/2014:07:16:09 -0700] "GET /user/profile HTTP/1.1" 200 1171 "-" "Mozilla/5.0 (Macintosh; Intel Mac OS X 10_9_4) AppleWebKit/537.77.4 (KHTML, like Gecko) Version/7.0.5 Safari/537.77.4"
2.97.189.189 - - [18/Jul/2014:07:16:16 -0700] "GET / HTTP/1.1" 200 4792 "http://monero.fluxministry.com/user/profile" "Mozilla/5.0 (Macintosh; Intel Mac OS X 10_9_4) AppleWebKit/537.77.4 (KHTML, like Gecko) Version/7.0.5 Safari/537.77.4"
62.24.181.134 - - [18/Jul/2014:07:16:36 -0700] "GET /robots.txt HTTP/1.0" 200 24 "http://monero.fluxministry.com/robots.txt" "Mozilla/4.0 (compatible; MSIE 8.0; Windows NT 5.1; Trident/4.0; .NET CLR 2.0.50727; .NET CLR 3.0.04506.648; .NET CLR 3.5.21022; .NET CLR 3.0.4506.2152; .NET CLR 3.5.30729; InfoPath.2)"
62.24.181.134 - - [18/Jul/2014:07:16:36 -0700] "GET /user/313 HTTP/1.0" 200 6969 "http://monero.fluxministry.com/user/313" "Mozilla/4.0 (compatible; MSIE 8.0; Windows NT 5.1; Trident/4.0; .NET CLR 2.0.50727; .NET CLR 3.0.04506.648; .NET CLR 3.5.21022; .NET CLR 3.0.4506.2152; .NET CLR 3.5.30729; InfoPath.2)"
2.97.189.189 - - [18/Jul/2014:07:29:33 -0700] "GET /user/313 HTTP/1.1" 200 1111 "http://monero.fluxministry.com/" "Mozilla/5.0 (Macintosh; Intel Mac OS X 10_9_4) AppleWebKit/537.77.4 (KHTML, like Gecko) Version/7.0.5 Safari/537.77.4"
2.97.189.189 - - [18/Jul/2014:07:29:39 -0700] "GET /user/profile HTTP/1.1" 200 1171 "-" "Mozilla/5.0 (Macintosh; Intel Mac OS X 10_9_4) AppleWebKit/537.77.4 (KHTML, like Gecko) Version/7.0.5 Safari/537.77.4"
2.97.189.189 - - [18/Jul/2014:08:32:22 -0700] "GET //keychain/sync/ratings/pull HTTP/1.1" 200 864 "-" "Mozilla/5.0 (Macintosh; Intel Mac OS X 10_9_4) AppleWebKit/537.77.4 (KHTML, like Gecko) Version/7.0.5 Safari/537.77.4"
2.97.189.189 - - [18/Jul/2014:08:32:23 -0700] "GET //keychain/sync/ratings/pull HTTP/1.1" 200 864 "-" "Mozilla/5.0 (Macintosh; Intel Mac OS X 10_9_4) AppleWebKit/537.77.4 (KHTML, like Gecko) Version/7.0.5 Safari/537.77.4"
2.97.189.189 - - [18/Jul/2014:08:32:28 -0700] "GET /keychain/sync/ratings/pull HTTP/1.1" 200 864 "-" "Mozilla/5.0 (Macintosh; Intel Mac OS X 10_9_4) AppleWebKit/537.77.4 (KHTML, like Gecko) Version/7.0.5 Safari/537.77.4"
2.97.189.189 - - [18/Jul/2014:08:33:00 -0700] "GET /keychain/pull HTTP/1.1" 200 869 "-" "Mozilla/5.0 (Macintosh; Intel Mac OS X 10_9_4) AppleWebKit/537.77.4 (KHTML, like Gecko) Version/7.0.5 Safari/537.77.4"
2.97.189.189 - - [18/Jul/2014:08:33:04 -0700] "GET /keychain/pull/ratings HTTP/1.1" 200 35 "-" "Mozilla/5.0 (Macintosh; Intel Mac OS X 10_9_4) AppleWebKit/537.77.4 (KHTML, like Gecko) Version/7.0.5 Safari/537.77.4"
62.24.181.135 - - [18/Jul/2014:08:33:34 -0700] "GET /keychain/pull/ratings HTTP/1.0" 302 433 "http://monero.fluxministry.com/keychain/pull/ratings" "Mozilla/4.0 (compatible; MSIE 8.0; Windows NT 5.1; Trident/4.0; .NET CLR 2.0.50727; .NET CLR 3.0.04506.648; .NET CLR 3.5.21022; .NET CLR 3.0.4506.2152; .NET CLR 3.5.30729; InfoPath.2)"
2.97.189.189 - - [18/Jul/2014:08:33:38 -0700] "GET / HTTP/1.1" 200 4792 "-" "Mozilla/5.0 (Macintosh; Intel Mac OS X 10_9_4) AppleWebKit/537.77.4 (KHTML, like Gecko) Version/7.0.5 Safari/537.77.4"
2.97.189.189 - - [18/Jul/2014:08:33:39 -0700] "GET //keychain/sync/users HTTP/1.1" 200 206 "-" "Mozilla/5.0 (Macintosh; Intel Mac OS X 10_9_4) AppleWebKit/537.77.4 (KHTML, like Gecko) Version/7.0.5 Safari/537.77.4"
2.97.189.189 - - [18/Jul/2014:08:33:51 -0700] "GET / HTTP/1.1" 200 4792 "http://monero.fluxministry.com/keychain/sync/ratings/pull" "Mozilla/5.0 (Macintosh; Intel Mac OS X 10_9_4) AppleWebKit/537.77.4 (KHTML, like Gecko) Version/7.0.5 Safari/537.77.4"
2.97.189.189 - - [18/Jul/2014:08:34:08 -0700] "GET / HTTP/1.1" 200 4792 "-" "Mozilla/5.0 (Macintosh; Intel Mac OS X 10_9_4) AppleWebKit/537.77.4 (KHTML, like Gecko) Version/7.0.5 Safari/537.77.4"
62.24.181.135 - - [18/Jul/2014:08:34:10 -0700] "GET //keychain/sync/users HTTP/1.0" 200 360 "http://monero.fluxministry.com//keychain/sync/users" "Mozilla/4.0 (compatible; MSIE 8.0; Windows NT 5.1; Trident/4.0; .NET CLR 2.0.50727; .NET CLR 3.0.04506.648; .NET CLR 3.5.21022; .NET CLR 3.0.4506.2152; .NET CLR 3.5.30729; InfoPath.2)"
62.24.181.135 - - [18/Jul/2014:08:34:10 -0700] "GET / HTTP/1.0" 200 16954 "http://monero.fluxministry.com/" "Mozilla/4.0 (compatible; MSIE 8.0; Windows NT 5.1; Trident/4.0; .NET CLR 2.0.50727; .NET CLR 3.0.04506.648; .NET CLR 3.5.21022; .NET CLR 3.0.4506.2152; .NET CLR 3.5.30729; InfoPath.2)"
2.97.189.189 - - [18/Jul/2014:08:41:43 -0700] "GET / HTTP/1.1" 200 4792 "-" "Mozilla/5.0 (Macintosh; Intel Mac OS X 10_9_4) AppleWebKit/537.77.4 (KHTML, like Gecko) Version/7.0.5 Safari/537.77.4"
2.97.189.189 - - [18/Jul/2014:08:41:44 -0700] "GET //keychain/sync/push/users HTTP/1.1" 200 864 "-" "Mozilla/5.0 (Macintosh; Intel Mac OS X 10_9_4) AppleWebKit/537.77.4 (KHTML, like Gecko) Version/7.0.5 Safari/537.77.4"
2.97.189.189 - - [18/Jul/2014:08:41:50 -0700] "GET /keychain/sync/push/users HTTP/1.1" 200 864 "-" "Mozilla/5.0 (Macintosh; Intel Mac OS X 10_9_4) AppleWebKit/537.77.4 (KHTML, like Gecko) Version/7.0.5 Safari/537.77.4"
2.97.189.189 - - [18/Jul/2014:08:41:59 -0700] "GET /keychain/sync/push/users HTTP/1.1" 200 864 "-" "Mozilla/5.0 (Macintosh; Intel Mac OS X 10_9_4) AppleWebKit/537.77.4 (KHTML, like Gecko) Version/7.0.5 Safari/537.77.4"
2.97.189.189 - - [18/Jul/2014:08:42:01 -0700] "GET / HTTP/1.1" 200 4792 "http://monero.fluxministry.com/keychain/sync/push/users" "Mozilla/5.0 (Macintosh; Intel Mac OS X 10_9_4) AppleWebKit/537.77.4 (KHTML, like Gecko) Version/7.0.5 Safari/537.77.4"
62.24.181.135 - - [18/Jul/2014:08:42:16 -0700] "GET /robots.txt HTTP/1.0" 200 24 "http://monero.fluxministry.com/robots.txt" "Mozilla/4.0 (compatible; MSIE 8.0; Windows NT 5.1; Trident/4.0; .NET CLR 2.0.50727; .NET CLR 3.0.04506.648; .NET CLR 3.5.21022; .NET CLR 3.0.4506.2152; .NET CLR 3.5.30729; InfoPath.2)"
62.24.181.135 - - [18/Jul/2014:08:42:16 -0700] "GET //keychain/sync/push/users HTTP/1.0" 200 6223 "http://monero.fluxministry.com//keychain/sync/push/users" "Mozilla/4.0 (compatible; MSIE 8.0; Windows NT 5.1; Trident/4.0; .NET CLR 2.0.50727; .NET CLR 3.0.04506.648; .NET CLR 3.5.21022; .NET CLR 3.0.4506.2152; .NET CLR 3.5.30729; InfoPath.2)"
62.24.181.135 - - [18/Jul/2014:08:42:21 -0700] "GET /robots.txt HTTP/1.0" 200 24 "http://monero.fluxministry.com/robots.txt" "Mozilla/4.0 (compatible; MSIE 8.0; Windows NT 5.1; Trident/4.0; .NET CLR 2.0.50727; .NET CLR 3.0.04506.648; .NET CLR 3.5.21022; .NET CLR 3.0.4506.2152; .NET CLR 3.5.30729; InfoPath.2)"
62.24.181.135 - - [18/Jul/2014:08:42:21 -0700] "GET /keychain/sync/push/users HTTP/1.0" 200 6223 "http://monero.fluxministry.com/keychain/sync/push/users" "Mozilla/4.0 (compatible; MSIE 8.0; Windows NT 5.1; Trident/4.0; .NET CLR 2.0.50727; .NET CLR 3.0.04506.648; .NET CLR 3.5.21022; .NET CLR 3.0.4506.2152; .NET CLR 3.5.30729; InfoPath.2)"
2.97.189.189 - - [18/Jul/2014:08:42:29 -0700] "GET / HTTP/1.1" 200 4792 "-" "Mozilla/5.0 (Macintosh; Intel Mac OS X 10_9_4) AppleWebKit/537.77.4 (KHTML, like Gecko) Version/7.0.5 Safari/537.77.4"
2.97.189.189 - - [18/Jul/2014:08:42:29 -0700] "GET / HTTP/1.1" 200 4792 "-" "Mozilla/5.0 (Macintosh; Intel Mac OS X 10_9_4) AppleWebKit/537.77.4 (KHTML, like Gecko) Version/7.0.5 Safari/537.77.4"
2.97.189.189 - - [18/Jul/2014:08:42:29 -0700] "GET / HTTP/1.1" 200 4792 "http://monero.fluxministry.com/keychain/sync/push/users" "Mozilla/5.0 (Macintosh; Intel Mac OS X 10_9_4) AppleWebKit/537.77.4 (KHTML, like Gecko) Version/7.0.5 Safari/537.77.4"
2.97.189.189 - - [18/Jul/2014:08:42:29 -0700] "GET / HTTP/1.1" 200 4792 "-" "Mozilla/5.0 (Macintosh; Intel Mac OS X 10_9_4) AppleWebKit/537.77.4 (KHTML, like Gecko) Version/7.0.5 Safari/537.77.4"
2.97.189.189 - - [18/Jul/2014:08:42:29 -0700] "GET /pull HTTP/1.1" 404 17938 "-" "Mozilla/5.0 (Macintosh; Intel Mac OS X 10_9_4) AppleWebKit/537.77.4 (KHTML, like Gecko) Version/7.0.5 Safari/537.77.4"
62.24.181.135 - - [18/Jul/2014:08:42:30 -0700] "GET /robots.txt HTTP/1.0" 200 24 "http://monero.fluxministry.com/robots.txt" "Mozilla/4.0 (compatible; MSIE 8.0; Windows NT 5.1; Trident/4.0; .NET CLR 2.0.50727; .NET CLR 3.0.04506.648; .NET CLR 3.5.21022; .NET CLR 3.0.4506.2152; .NET CLR 3.5.30729; InfoPath.2)"
2.97.189.189 - - [18/Jul/2014:08:42:30 -0700] "GET /keychain/message/785DEFB41BECA9ED HTTP/1.1" 500 67108 "-" "Mozilla/5.0 (Macintosh; Intel Mac OS X 10_9_4) AppleWebKit/537.77.4 (KHTML, like Gecko) Version/7.0.5 Safari/537.77.4"
2.97.189.189 - - [18/Jul/2014:08:42:31 -0700] "GET /keychain/message/785DEFB41BECA9ED HTTP/1.1" 500 67135 "-" "Mozilla/5.0 (Macintosh; Intel Mac OS X 10_9_4) AppleWebKit/537.77.4 (KHTML, like Gecko) Version/7.0.5 Safari/537.77.4"
2.97.189.189 - - [18/Jul/2014:08:42:40 -0700] "GET /keychain/message/785DEFB41BECA9ED HTTP/1.1" 500 65592 "-" "Mozilla/5.0 (Macintosh; Intel Mac OS X 10_9_4) AppleWebKit/537.77.4 (KHTML, like Gecko) Version/7.0.5 Safari/537.77.4"
2.97.189.189 - - [18/Jul/2014:08:42:41 -0700] "GET /keychain/message/785DEFB41BECA9ED HTTP/1.1" 500 67116 "-" "Mozilla/5.0 (Macintosh; Intel Mac OS X 10_9_4) AppleWebKit/537.77.4 (KHTML, like Gecko) Version/7.0.5 Safari/537.77.4"
2.97.189.189 - - [18/Jul/2014:08:42:43 -0700] "GET /keychain/message/785DEFB41BECA9ED HTTP/1.1" 500 67147 "-" "Mozilla/5.0 (Macintosh; Intel Mac OS X 10_9_4) AppleWebKit/537.77.4 (KHTML, like Gecko) Version/7.0.5 Safari/537.77.4"
2.97.189.189 - - [18/Jul/2014:08:42:43 -0700] "GET /keychain/pull HTTP/1.1" 200 869 "-" "Mozilla/5.0 (Macintosh; Intel Mac OS X 10_9_4) AppleWebKit/537.77.4 (KHTML, like Gecko) Version/7.0.5 Safari/537.77.4"
2.97.189.189 - - [18/Jul/2014:08:42:45 -0700] "GET /keychain/push/users HTTP/1.1" 404 17958 "-" "Mozilla/5.0 (Macintosh; Intel Mac OS X 10_9_4) AppleWebKit/537.77.4 (KHTML, like Gecko) Version/7.0.5 Safari/537.77.4"
2.97.189.189 - - [18/Jul/2014:08:42:54 -0700] "GET /keychain/sync/push/users HTTP/1.1" 200 206 "-" "Mozilla/5.0 (Macintosh; Intel Mac OS X 10_9_4) AppleWebKit/537.77.4 (KHTML, like Gecko) Version/7.0.5 Safari/537.77.4"
62.24.181.135 - - [18/Jul/2014:08:43:17 -0700] "GET /keychain/push/users HTTP/1.0" 404 55778 "http://monero.fluxministry.com/keychain/push/users" "Mozilla/4.0 (compatible; MSIE 8.0; Windows NT 5.1; Trident/4.0; .NET CLR 2.0.50727; .NET CLR 3.0.04506.648; .NET CLR 3.5.21022; .NET CLR 3.0.4506.2152; .NET CLR 3.5.30729; InfoPath.2)"
2.97.189.189 - - [18/Jul/2014:08:48:08 -0700] "GET /keychain/sync/push/users HTTP/1.1" 499 0 "-" "Mozilla/5.0 (Macintosh; Intel Mac OS X 10_9_4) AppleWebKit/537.77.4 (KHTML, like Gecko) Version/7.0.5 Safari/537.77.4"
2.97.189.189 - - [18/Jul/2014:08:48:11 -0700] "GET /keychain/sync/pull/ratings HTTP/1.1" 200 35 "-" "Mozilla/5.0 (Macintosh; Intel Mac OS X 10_9_4) AppleWebKit/537.77.4 (KHTML, like Gecko) Version/7.0.5 Safari/537.77.4"
62.24.181.135 - - [18/Jul/2014:08:48:40 -0700] "GET /keychain/sync/pull/ratings HTTP/1.0" 302 433 "http://monero.fluxministry.com/keychain/sync/pull/ratings" "Mozilla/4.0 (compatible; MSIE 8.0; Windows NT 5.1; Trident/4.0; .NET CLR 2.0.50727; .NET CLR 3.0.04506.648; .NET CLR 3.5.21022; .NET CLR 3.0.4506.2152; .NET CLR 3.5.30729; InfoPath.2)"
2.97.189.189 - - [18/Jul/2014:09:26:16 -0700] "GET /keychain/sync/pull/ratings HTTP/1.1" 200 9538 "-" "Mozilla/5.0 (Macintosh; Intel Mac OS X 10_9_4) AppleWebKit/537.77.4 (KHTML, like Gecko) Version/7.0.5 Safari/537.77.4"
2.97.189.189 - - [18/Jul/2014:09:26:43 -0700] "GET /keychain/sync/pull/ratings HTTP/1.1" 200 35 "-" "Mozilla/5.0 (Macintosh; Intel Mac OS X 10_9_4) AppleWebKit/537.77.4 (KHTML, like Gecko) Version/7.0.5 Safari/537.77.4"
2.97.189.189 - - [18/Jul/2014:09:29:21 -0700] "GET /keychain/sync/pull/ratings HTTP/1.1" 200 35 "-" "Mozilla/5.0 (Macintosh; Intel Mac OS X 10_9_4) AppleWebKit/537.77.4 (KHTML, like Gecko) Version/7.0.5 Safari/537.77.4"
2.97.189.189 - - [18/Jul/2014:09:29:35 -0700] "GET /keychain/sync/pull/ratings HTTP/1.1" 200 35 "-" "Mozilla/5.0 (Macintosh; Intel Mac OS X 10_9_4) AppleWebKit/537.77.4 (KHTML, like Gecko) Version/7.0.5 Safari/537.77.4"
2.97.189.189 - - [18/Jul/2014:10:26:16 -0700] "GET /keychain/sync/pull/ratings HTTP/1.1" 500 44362 "-" "Mozilla/5.0 (Macintosh; Intel Mac OS X 10_9_4) AppleWebKit/537.77.4 (KHTML, like Gecko) Version/7.0.5 Safari/537.77.4"
2.97.189.189 - - [18/Jul/2014:10:27:21 -0700] "GET /keychain/sync/pull/ratings HTTP/1.1" 500 44370 "-" "Mozilla/5.0 (Macintosh; Intel Mac OS X 10_9_4) AppleWebKit/537.77.4 (KHTML, like Gecko) Version/7.0.5 Safari/537.77.4"
2.97.189.189 - - [18/Jul/2014:10:27:38 -0700] "GET /keychain/sync/pull/ratings HTTP/1.1" 200 35 "-" "Mozilla/5.0 (Macintosh; Intel Mac OS X 10_9_4) AppleWebKit/537.77.4 (KHTML, like Gecko) Version/7.0.5 Safari/537.77.4"
2.97.189.189 - - [18/Jul/2014:10:27:49 -0700] "GET / HTTP/1.1" 200 4792 "-" "Mozilla/5.0 (Macintosh; Intel Mac OS X 10_9_4) AppleWebKit/537.77.4 (KHTML, like Gecko) Version/7.0.5 Safari/537.77.4"
2.97.189.189 - - [18/Jul/2014:10:27:53 -0700] "GET /user/313 HTTP/1.1" 200 1111 "-" "Mozilla/5.0 (Macintosh; Intel Mac OS X 10_9_4) AppleWebKit/537.77.4 (KHTML, like Gecko) Version/7.0.5 Safari/537.77.4"
2.97.189.189 - - [18/Jul/2014:10:27:53 -0700] "GET /user/profile HTTP/1.1" 200 1171 "-" "Mozilla/5.0 (Macintosh; Intel Mac OS X 10_9_4) AppleWebKit/537.77.4 (KHTML, like Gecko) Version/7.0.5 Safari/537.77.4"
2.97.189.189 - - [18/Jul/2014:10:27:56 -0700] "GET /do HTTP/1.1" 500 228 "http://monero.fluxministry.com/user/profile" "Mozilla/5.0 (Macintosh; Intel Mac OS X 10_9_4) AppleWebKit/537.77.4 (KHTML, like Gecko) Version/7.0.5 Safari/537.77.4"
2.97.189.189 - - [18/Jul/2014:10:28:24 -0700] "GET /user/profile HTTP/1.1" 200 1171 "-" "Mozilla/5.0 (Macintosh; Intel Mac OS X 10_9_4) AppleWebKit/537.77.4 (KHTML, like Gecko) Version/7.0.5 Safari/537.77.4"
2.97.189.189 - - [18/Jul/2014:10:28:29 -0700] "GET /user/profile HTTP/1.1" 200 1171 "-" "Mozilla/5.0 (Macintosh; Intel Mac OS X 10_9_4) AppleWebKit/537.77.4 (KHTML, like Gecko) Version/7.0.5 Safari/537.77.4"
2.97.189.189 - - [18/Jul/2014:10:28:31 -0700] "GET /keychain/sync/pull/ratings HTTP/1.1" 200 35 "http://monero.fluxministry.com/user/profile" "Mozilla/5.0 (Macintosh; Intel Mac OS X 10_9_4) AppleWebKit/537.77.4 (KHTML, like Gecko) Version/7.0.5 Safari/537.77.4"
2.97.189.189 - - [18/Jul/2014:10:28:34 -0700] "GET /user/profile HTTP/1.1" 200 1171 "-" "Mozilla/5.0 (Macintosh; Intel Mac OS X 10_9_4) AppleWebKit/537.77.4 (KHTML, like Gecko) Version/7.0.5 Safari/537.77.4"
2.97.189.189 - - [18/Jul/2014:10:28:36 -0700] "GET /user/profile HTTP/1.1" 200 1171 "-" "Mozilla/5.0 (Macintosh; Intel Mac OS X 10_9_4) AppleWebKit/537.77.4 (KHTML, like Gecko) Version/7.0.5 Safari/537.77.4"
2.97.189.189 - - [18/Jul/2014:10:30:57 -0700] "GET /keychain/sync/pull/ratings HTTP/1.1" 200 35 "-" "Mozilla/5.0 (Macintosh; Intel Mac OS X 10_9_4) AppleWebKit/537.77.4 (KHTML, like Gecko) Version/7.0.5 Safari/537.77.4"
2.97.189.189 - - [18/Jul/2014:10:31:14 -0700] "GET /user/profile HTTP/1.1" 200 961 "-" "Mozilla/5.0 (Macintosh; Intel Mac OS X 10_9_4) AppleWebKit/537.77.4 (KHTML, like Gecko) Version/7.0.5 Safari/537.77.4"
2.97.189.189 - - [18/Jul/2014:10:31:17 -0700] "GET /keychain/sync/pull/ratings HTTP/1.1" 200 35 "http://monero.fluxministry.com/user/profile" "Mozilla/5.0 (Macintosh; Intel Mac OS X 10_9_4) AppleWebKit/537.77.4 (KHTML, like Gecko) Version/7.0.5 Safari/537.77.4"
2.97.189.189 - - [18/Jul/2014:10:31:20 -0700] "GET /user/profile HTTP/1.1" 200 961 "-" "Mozilla/5.0 (Macintosh; Intel Mac OS X 10_9_4) AppleWebKit/537.77.4 (KHTML, like Gecko) Version/7.0.5 Safari/537.77.4"
2.97.189.189 - - [18/Jul/2014:10:31:21 -0700] "GET /user/profile HTTP/1.1" 200 961 "-" "Mozilla/5.0 (Macintosh; Intel Mac OS X 10_9_4) AppleWebKit/537.77.4 (KHTML, like Gecko) Version/7.0.5 Safari/537.77.4"
2.97.189.189 - - [18/Jul/2014:10:31:33 -0700] "GET /user/profile HTTP/1.1" 200 961 "-" "Mozilla/5.0 (Macintosh; Intel Mac OS X 10_9_4) AppleWebKit/537.77.4 (KHTML, like Gecko) Version/7.0.5 Safari/537.77.4"
2.97.189.189 - - [18/Jul/2014:10:34:54 -0700] "GET /user/profile HTTP/1.1" 200 961 "-" "Mozilla/5.0 (Macintosh; Intel Mac OS X 10_9_4) AppleWebKit/537.77.4 (KHTML, like Gecko) Version/7.0.5 Safari/537.77.4"
2.97.189.189 - - [18/Jul/2014:10:35:02 -0700] "GET /keychain/sync/pull/ratings HTTP/1.1" 200 35 "-" "Mozilla/5.0 (Macintosh; Intel Mac OS X 10_9_4) AppleWebKit/537.77.4 (KHTML, like Gecko) Version/7.0.5 Safari/537.77.4"
2.97.189.189 - - [18/Jul/2014:10:35:14 -0700] "GET /user/profile HTTP/1.1" 200 1171 "-" "Mozilla/5.0 (Macintosh; Intel Mac OS X 10_9_4) AppleWebKit/537.77.4 (KHTML, like Gecko) Version/7.0.5 Safari/537.77.4"
2.97.189.189 - - [18/Jul/2014:11:16:05 -0700] "GET /user/profile HTTP/1.1" 200 1171 "-" "Mozilla/5.0 (Macintosh; Intel Mac OS X 10_9_4) AppleWebKit/537.77.4 (KHTML, like Gecko) Version/7.0.5 Safari/537.77.4"
2.97.189.189 - - [18/Jul/2014:11:42:00 -0700] "GET /keychain/sync/pull/ratings HTTP/1.1" 200 35 "-" "Mozilla/5.0 (Macintosh; Intel Mac OS X 10_9_4) AppleWebKit/537.77.4 (KHTML, like Gecko) Version/7.0.5 Safari/537.77.4"
2.97.189.189 - - [18/Jul/2014:12:06:05 -0700] "GET /user/profile HTTP/1.1" 200 1171 "-" "Mozilla/5.0 (Macintosh; Intel Mac OS X 10_9_4) AppleWebKit/537.77.4 (KHTML, like Gecko) Version/7.0.5 Safari/537.77.4"
2.97.189.189 - - [18/Jul/2014:12:12:30 -0700] "GET /keychain/sync/pull/ratings HTTP/1.1" 200 35 "-" "Mozilla/5.0 (Macintosh; Intel Mac OS X 10_9_4) AppleWebKit/537.77.4 (KHTML, like Gecko) Version/7.0.5 Safari/537.77.4"
2.97.189.189 - - [18/Jul/2014:12:12:34 -0700] "GET /user/profile HTTP/1.1" 200 1171 "-" "Mozilla/5.0 (Macintosh; Intel Mac OS X 10_9_4) AppleWebKit/537.77.4 (KHTML, like Gecko) Version/7.0.5 Safari/537.77.4"
2.97.189.189 - - [18/Jul/2014:12:14:48 -0700] "GET /user/profile HTTP/1.1" 200 1171 "-" "Mozilla/5.0 (Macintosh; Intel Mac OS X 10_9_4) AppleWebKit/537.77.4 (KHTML, like Gecko) Version/7.0.5 Safari/537.77.4"
2.97.189.189 - - [18/Jul/2014:12:14:52 -0700] "GET /keychain/sync/pull/ratings HTTP/1.1" 200 8719 "-" "Mozilla/5.0 (Macintosh; Intel Mac OS X 10_9_4) AppleWebKit/537.77.4 (KHTML, like Gecko) Version/7.0.5 Safari/537.77.4"
2.97.189.189 - - [18/Jul/2014:12:15:55 -0700] "GET /keychain/sync/pull/ratings HTTP/1.1" 200 14705 "-" "Mozilla/5.0 (Macintosh; Intel Mac OS X 10_9_4) AppleWebKit/537.77.4 (KHTML, like Gecko) Version/7.0.5 Safari/537.77.4"
2.97.189.189 - - [18/Jul/2014:12:18:29 -0700] "GET /keychain/sync/pull/ratings HTTP/1.1" 200 8719 "-" "Mozilla/5.0 (Macintosh; Intel Mac OS X 10_9_4) AppleWebKit/537.77.4 (KHTML, like Gecko) Version/7.0.5 Safari/537.77.4"
2.97.189.189 - - [18/Jul/2014:12:18:39 -0700] "GET /keychain/sync/pull/ratings HTTP/1.1" 200 8719 "-" "Mozilla/5.0 (Macintosh; Intel Mac OS X 10_9_4) AppleWebKit/537.77.4 (KHTML, like Gecko) Version/7.0.5 Safari/537.77.4"
2.97.189.189 - - [18/Jul/2014:12:18:51 -0700] "GET /user/profile HTTP/1.1" 200 1171 "-" "Mozilla/5.0 (Macintosh; Intel Mac OS X 10_9_4) AppleWebKit/537.77.4 (KHTML, like Gecko) Version/7.0.5 Safari/537.77.4"
2.97.189.189 - - [18/Jul/2014:12:18:52 -0700] "GET /user/profile HTTP/1.1" 200 1171 "-" "Mozilla/5.0 (Macintosh; Intel Mac OS X 10_9_4) AppleWebKit/537.77.4 (KHTML, like Gecko) Version/7.0.5 Safari/537.77.4"
2.97.189.189 - - [18/Jul/2014:12:19:25 -0700] "GET /user/profile HTTP/1.1" 200 1167 "-" "Mozilla/5.0 (Macintosh; Intel Mac OS X 10_9_4) AppleWebKit/537.77.4 (KHTML, like Gecko) Version/7.0.5 Safari/537.77.4"
2.97.189.189 - - [18/Jul/2014:12:21:42 -0700] "GET /user/profile HTTP/1.1" 200 1170 "-" "Mozilla/5.0 (Macintosh; Intel Mac OS X 10_9_4) AppleWebKit/537.77.4 (KHTML, like Gecko) Version/7.0.5 Safari/537.77.4"
2.97.189.189 - - [18/Jul/2014:12:21:56 -0700] "GET /user/profile HTTP/1.1" 200 1170 "-" "Mozilla/5.0 (Macintosh; Intel Mac OS X 10_9_4) AppleWebKit/537.77.4 (KHTML, like Gecko) Version/7.0.5 Safari/537.77.4"
2.97.189.189 - - [18/Jul/2014:13:44:47 -0700] "GET / HTTP/1.1" 200 4792 "-" "Mozilla/5.0 (Macintosh; Intel Mac OS X 10_9_4) AppleWebKit/537.77.4 (KHTML, like Gecko)"
2.97.189.189 - - [18/Jul/2014:13:44:53 -0700] "GET /apple-touch-icon-precomposed.png HTTP/1.1" 404 17886 "-" "Coda/3410 CFNetwork/673.4 Darwin/13.3.0 (x86_64) (MacBookPro9%2C2)"
2.97.189.189 - - [18/Jul/2014:13:44:53 -0700] "GET /apple-touch-icon.png HTTP/1.1" 404 17861 "-" "Coda/3410 CFNetwork/673.4 Darwin/13.3.0 (x86_64) (MacBookPro9%2C2)"
117.78.13.55 - - [18/Jul/2014:14:43:32 -0700] "GET /robots.txt HTTP/1.0" 200 24 "-" "nutch-1.4/Nutch-1.4"
117.78.13.55 - - [18/Jul/2014:14:43:32 -0700] "GET / HTTP/1.0" 200 16954 "-" "nutch-1.4/Nutch-1.4"
2.97.189.189 - - [19/Jul/2014:04:44:50 -0700] "GET / HTTP/1.1" 200 4792 "-" "Mozilla/5.0 (Macintosh; Intel Mac OS X 10_9_4) AppleWebKit/537.77.4 (KHTML, like Gecko)"
2.97.189.189 - - [19/Jul/2014:04:44:53 -0700] "GET /apple-touch-icon-precomposed.png HTTP/1.1" 404 17894 "-" "Coda/3410 CFNetwork/673.4 Darwin/13.3.0 (x86_64) (MacBookPro9%2C2)"
2.97.189.189 - - [19/Jul/2014:04:44:53 -0700] "GET /apple-touch-icon.png HTTP/1.1" 404 17893 "-" "Coda/3410 CFNetwork/673.4 Darwin/13.3.0 (x86_64) (MacBookPro9%2C2)"
2.97.189.189 - - [19/Jul/2014:04:50:13 -0700] "GET / HTTP/1.1" 200 4792 "-" "Mozilla/5.0 (Macintosh; Intel Mac OS X 10_9_4) AppleWebKit/537.77.4 (KHTML, like Gecko) Version/7.0.5 Safari/537.77.4"
2.97.189.189 - - [19/Jul/2014:04:50:19 -0700] "GET /keychain/message/785DEFB41BECA9ED HTTP/1.1" 500 67122 "-" "Mozilla/5.0 (Macintosh; Intel Mac OS X 10_9_4) AppleWebKit/537.77.4 (KHTML, like Gecko) Version/7.0.5 Safari/537.77.4"
2.97.189.189 - - [19/Jul/2014:04:50:24 -0700] "GET /keychain/pull HTTP/1.1" 200 869 "-" "Mozilla/5.0 (Macintosh; Intel Mac OS X 10_9_4) AppleWebKit/537.77.4 (KHTML, like Gecko) Version/7.0.5 Safari/537.77.4"
2.97.189.189 - - [19/Jul/2014:04:50:26 -0700] "GET /keychain/message/785DEFB41BECA9ED HTTP/1.1" 500 67130 "-" "Mozilla/5.0 (Macintosh; Intel Mac OS X 10_9_4) AppleWebKit/537.77.4 (KHTML, like Gecko) Version/7.0.5 Safari/537.77.4"
2.97.189.189 - - [19/Jul/2014:04:50:28 -0700] "GET /keychain/pull HTTP/1.1" 200 869 "-" "Mozilla/5.0 (Macintosh; Intel Mac OS X 10_9_4) AppleWebKit/537.77.4 (KHTML, like Gecko) Version/7.0.5 Safari/537.77.4"
2.97.189.189 - - [19/Jul/2014:04:50:30 -0700] "GET /keychain/pull/ratings HTTP/1.1" 404 17943 "-" "Mozilla/5.0 (Macintosh; Intel Mac OS X 10_9_4) AppleWebKit/537.77.4 (KHTML, like Gecko) Version/7.0.5 Safari/537.77.4"
2.97.189.189 - - [19/Jul/2014:04:50:39 -0700] "GET /keychain/sync/ratings/pull HTTP/1.1" 499 0 "-" "Mozilla/5.0 (Macintosh; Intel Mac OS X 10_9_4) AppleWebKit/537.77.4 (KHTML, like Gecko) Version/7.0.5 Safari/537.77.4"
2.97.189.189 - - [19/Jul/2014:04:50:40 -0700] "GET /keychain/sync/ratings/pull HTTP/1.1" 200 864 "-" "Mozilla/5.0 (Macintosh; Intel Mac OS X 10_9_4) AppleWebKit/537.77.4 (KHTML, like Gecko) Version/7.0.5 Safari/537.77.4"
2.97.189.189 - - [19/Jul/2014:04:50:59 -0700] "GET /keychain/sync/pull/ratings HTTP/1.1" 200 8719 "-" "Mozilla/5.0 (Macintosh; Intel Mac OS X 10_9_4) AppleWebKit/537.77.4 (KHTML, like Gecko) Version/7.0.5 Safari/537.77.4"
2.97.189.189 - - [19/Jul/2014:04:51:22 -0700] "GET /keychain/sync/pull/ratings HTTP/1.1" 200 35 "-" "Mozilla/5.0 (Macintosh; Intel Mac OS X 10_9_4) AppleWebKit/537.77.4 (KHTML, like Gecko) Version/7.0.5 Safari/537.77.4"
2.97.189.189 - - [19/Jul/2014:04:52:07 -0700] "GET /keychain/sync/pull/ratings HTTP/1.1" 200 35 "-" "Mozilla/5.0 (Macintosh; Intel Mac OS X 10_9_4) AppleWebKit/537.77.4 (KHTML, like Gecko) Version/7.0.5 Safari/537.77.4"
2.97.189.189 - - [19/Jul/2014:04:52:15 -0700] "GET /keychain/sync/pull/ratings HTTP/1.1" 200 35 "-" "Mozilla/5.0 (Macintosh; Intel Mac OS X 10_9_4) AppleWebKit/537.77.4 (KHTML, like Gecko) Version/7.0.5 Safari/537.77.4"
2.97.189.189 - - [19/Jul/2014:04:52:29 -0700] "GET / HTTP/1.1" 200 4792 "-" "Mozilla/5.0 (Macintosh; Intel Mac OS X 10_9_4) AppleWebKit/537.77.4 (KHTML, like Gecko) Version/7.0.5 Safari/537.77.4"
2.97.189.189 - - [19/Jul/2014:04:52:31 -0700] "GET /user/313 HTTP/1.1" 200 1112 "http://monero.fluxministry.com/" "Mozilla/5.0 (Macintosh; Intel Mac OS X 10_9_4) AppleWebKit/537.77.4 (KHTML, like Gecko) Version/7.0.5 Safari/537.77.4"
2.97.189.189 - - [19/Jul/2014:04:52:34 -0700] "GET /user/profile HTTP/1.1" 200 1170 "-" "Mozilla/5.0 (Macintosh; Intel Mac OS X 10_9_4) AppleWebKit/537.77.4 (KHTML, like Gecko) Version/7.0.5 Safari/537.77.4"
2.97.189.189 - - [19/Jul/2014:04:52:35 -0700] "GET /user/profile HTTP/1.1" 200 1170 "-" "Mozilla/5.0 (Macintosh; Intel Mac OS X 10_9_4) AppleWebKit/537.77.4 (KHTML, like Gecko) Version/7.0.5 Safari/537.77.4"
2.97.189.189 - - [19/Jul/2014:04:52:38 -0700] "GET /user/profile HTTP/1.1" 200 1170 "-" "Mozilla/5.0 (Macintosh; Intel Mac OS X 10_9_4) AppleWebKit/537.77.4 (KHTML, like Gecko) Version/7.0.5 Safari/537.77.4"
2.97.189.189 - - [19/Jul/2014:04:53:53 -0700] "GET / HTTP/1.1" 200 4799 "http://monero.fluxministry.com/user/profile" "Mozilla/5.0 (Macintosh; Intel Mac OS X 10_9_4) AppleWebKit/537.77.4 (KHTML, like Gecko) Version/7.0.5 Safari/537.77.4"
2.97.189.189 - - [19/Jul/2014:04:53:54 -0700] "GET /user/profile HTTP/1.1" 200 1170 "http://monero.fluxministry.com/" "Mozilla/5.0 (Macintosh; Intel Mac OS X 10_9_4) AppleWebKit/537.77.4 (KHTML, like Gecko) Version/7.0.5 Safari/537.77.4"
2.97.189.189 - - [19/Jul/2014:04:58:06 -0700] "GET /keychain/sync/pull/ratings HTTP/1.1" 200 35 "http://monero.fluxministry.com/user/profile" "Mozilla/5.0 (Macintosh; Intel Mac OS X 10_9_4) AppleWebKit/537.77.4 (KHTML, like Gecko) Version/7.0.5 Safari/537.77.4"
2.97.189.189 - - [19/Jul/2014:05:38:42 -0700] "GET / HTTP/1.1" 200 4799 "-" "Mozilla/5.0 (Macintosh; Intel Mac OS X 10_9_4) AppleWebKit/537.77.4 (KHTML, like Gecko) Version/7.0.5 Safari/537.77.4"
2.97.189.189 - - [19/Jul/2014:06:11:43 -0700] "GET / HTTP/1.1" 200 4799 "-" "Mozilla/5.0 (Macintosh; Intel Mac OS X 10_9_4) AppleWebKit/537.77.4 (KHTML, like Gecko) Version/7.0.5 Safari/537.77.4"
2.97.189.189 - - [19/Jul/2014:07:18:10 -0700] "GET / HTTP/1.1" 200 4799 "-" "Mozilla/5.0 (Macintosh; Intel Mac OS X 10_9_4) AppleWebKit/537.77.4 (KHTML, like Gecko) Version/7.0.5 Safari/537.77.4"
213.159.48.4 - - [19/Jul/2014:12:21:06 -0700] "GET / HTTP/1.1" 200 5754 "-" "Mozilla/5.0 (Windows NT 6.1) AppleWebKit/537.36 (KHTML, like Gecko) Chrome/33.0.1750.146 Safari/537.36"
2.97.189.189 - - [19/Jul/2014:12:22:37 -0700] "GET / HTTP/1.1" 200 4799 "http://monero.fluxministry.com/user/profile" "Mozilla/5.0 (Macintosh; Intel Mac OS X 10_9_4) AppleWebKit/537.77.4 (KHTML, like Gecko) Version/7.0.5 Safari/537.77.4"
2.97.189.189 - - [19/Jul/2014:12:22:39 -0700] "GET /user/profile HTTP/1.1" 200 1170 "http://monero.fluxministry.com/" "Mozilla/5.0 (Macintosh; Intel Mac OS X 10_9_4) AppleWebKit/537.77.4 (KHTML, like Gecko) Version/7.0.5 Safari/537.77.4"
2.97.189.189 - - [19/Jul/2014:12:22:40 -0700] "GET / HTTP/1.1" 200 4799 "http://monero.fluxministry.com/user/profile" "Mozilla/5.0 (Macintosh; Intel Mac OS X 10_9_4) AppleWebKit/537.77.4 (KHTML, like Gecko) Version/7.0.5 Safari/537.77.4"
2.97.189.189 - - [19/Jul/2014:12:22:45 -0700] "GET /eum/50 HTTP/1.1" 200 1147 "http://monero.fluxministry.com/" "Mozilla/5.0 (Macintosh; Intel Mac OS X 10_9_4) AppleWebKit/537.77.4 (KHTML, like Gecko) Version/7.0.5 Safari/537.77.4"
2.97.189.189 - - [19/Jul/2014:12:22:47 -0700] "GET /eum/50/maximize-proactive-functionalities/267 HTTP/1.1" 200 1493 "http://monero.fluxministry.com/eum/50" "Mozilla/5.0 (Macintosh; Intel Mac OS X 10_9_4) AppleWebKit/537.77.4 (KHTML, like Gecko) Version/7.0.5 Safari/537.77.4"
2.97.189.189 - - [19/Jul/2014:12:22:48 -0700] "GET /eum/50/maximize-proactive-functionalities/267?page=2 HTTP/1.1" 200 1520 "http://monero.fluxministry.com/eum/50/maximize-proactive-functionalities/267" "Mozilla/5.0 (Macintosh; Intel Mac OS X 10_9_4) AppleWebKit/537.77.4 (KHTML, like Gecko) Version/7.0.5 Safari/537.77.4"
2.97.189.189 - - [19/Jul/2014:12:22:51 -0700] "GET / HTTP/1.1" 200 4799 "http://monero.fluxministry.com/eum/50/maximize-proactive-functionalities/267?page=2" "Mozilla/5.0 (Macintosh; Intel Mac OS X 10_9_4) AppleWebKit/537.77.4 (KHTML, like Gecko) Version/7.0.5 Safari/537.77.4"
62.24.181.135 - - [19/Jul/2014:12:23:10 -0700] "GET / HTTP/1.0" 200 16954 "http://monero.fluxministry.com/" "Mozilla/4.0 (compatible; MSIE 8.0; Windows NT 5.1; Trident/4.0; .NET CLR 2.0.50727; .NET CLR 3.0.04506.648; .NET CLR 3.5.21022; .NET CLR 3.0.4506.2152; .NET CLR 3.5.30729; InfoPath.2)"
62.24.181.135 - - [19/Jul/2014:12:23:17 -0700] "GET /eum/50 HTTP/1.0" 200 7152 "http://monero.fluxministry.com/eum/50" "Mozilla/4.0 (compatible; MSIE 8.0; Windows NT 5.1; Trident/4.0; .NET CLR 2.0.50727; .NET CLR 3.0.04506.648; .NET CLR 3.5.21022; .NET CLR 3.0.4506.2152; .NET CLR 3.5.30729; InfoPath.2)"
62.24.181.135 - - [19/Jul/2014:12:23:18 -0700] "GET /robots.txt HTTP/1.0" 200 24 "http://monero.fluxministry.com/robots.txt" "Mozilla/4.0 (compatible; MSIE 8.0; Windows NT 5.1; Trident/4.0; .NET CLR 2.0.50727; .NET CLR 3.0.04506.648; .NET CLR 3.5.21022; .NET CLR 3.0.4506.2152; .NET CLR 3.5.30729; InfoPath.2)"
62.24.181.135 - - [19/Jul/2014:12:23:18 -0700] "GET /eum/50/maximize-proactive-functionalities/267 HTTP/1.0" 200 7627 "http://monero.fluxministry.com/eum/50/maximize-proactive-functionalities/267" "Mozilla/4.0 (compatible; MSIE 8.0; Windows NT 5.1; Trident/4.0; .NET CLR 2.0.50727; .NET CLR 3.0.04506.648; .NET CLR 3.5.21022; .NET CLR 3.0.4506.2152; .NET CLR 3.5.30729; InfoPath.2)"
2.97.189.189 - - [19/Jul/2014:15:00:11 -0700] "GET / HTTP/1.1" 200 4799 "http://monero.fluxministry.com/" "Mozilla/5.0 (Macintosh; Intel Mac OS X 10_9_4) AppleWebKit/537.77.4 (KHTML, like Gecko) Version/7.0.5 Safari/537.77.4"
2.97.189.189 - - [19/Jul/2014:15:00:13 -0700] "GET /user/profile HTTP/1.1" 200 1170 "http://monero.fluxministry.com/" "Mozilla/5.0 (Macintosh; Intel Mac OS X 10_9_4) AppleWebKit/537.77.4 (KHTML, like Gecko) Version/7.0.5 Safari/537.77.4"
2.97.189.189 - - [19/Jul/2014:15:00:14 -0700] "GET / HTTP/1.1" 200 4799 "http://monero.fluxministry.com/user/profile" "Mozilla/5.0 (Macintosh; Intel Mac OS X 10_9_4) AppleWebKit/537.77.4 (KHTML, like Gecko) Version/7.0.5 Safari/537.77.4"
2.97.189.189 - - [19/Jul/2014:16:12:14 -0700] "GET / HTTP/1.1" 200 4799 "-" "Mozilla/5.0 (Macintosh; Intel Mac OS X 10_9_4) AppleWebKit/537.77.4 (KHTML, like Gecko) Version/7.0.5 Safari/537.77.4"
2.97.189.189 - - [19/Jul/2014:16:12:15 -0700] "GET /keychain/message/785DEFB41BECA9ED HTTP/1.1" 500 67146 "-" "Mozilla/5.0 (Macintosh; Intel Mac OS X 10_9_4) AppleWebKit/537.77.4 (KHTML, like Gecko) Version/7.0.5 Safari/537.77.4"
2.97.189.189 - - [19/Jul/2014:16:12:18 -0700] "GET /keychain/ratings HTTP/1.1" 200 33 "-" "Mozilla/5.0 (Macintosh; Intel Mac OS X 10_9_4) AppleWebKit/537.77.4 (KHTML, like Gecko) Version/7.0.5 Safari/537.77.4"
62.24.181.134 - - [19/Jul/2014:16:12:46 -0700] "GET /robots.txt HTTP/1.0" 200 24 "http://monero.fluxministry.com/robots.txt" "Mozilla/4.0 (compatible; MSIE 8.0; Windows NT 5.1; Trident/4.0; .NET CLR 2.0.50727; .NET CLR 3.0.04506.648; .NET CLR 3.5.21022; .NET CLR 3.0.4506.2152; .NET CLR 3.5.30729; InfoPath.2)"
62.24.181.134 - - [19/Jul/2014:16:12:46 -0700] "GET /keychain/message/785DEFB41BECA9ED HTTP/1.0" 500 64341 "http://monero.fluxministry.com/keychain/message/785DEFB41BECA9ED" "Mozilla/4.0 (compatible; MSIE 8.0; Windows NT 5.1; Trident/4.0; .NET CLR 2.0.50727; .NET CLR 3.0.04506.648; .NET CLR 3.5.21022; .NET CLR 3.0.4506.2152; .NET CLR 3.5.30729; InfoPath.2)"
62.24.181.135 - - [19/Jul/2014:16:12:49 -0700] "GET /keychain/ratings HTTP/1.0" 302 433 "http://monero.fluxministry.com/keychain/ratings" "Mozilla/4.0 (compatible; MSIE 8.0; Windows NT 5.1; Trident/4.0; .NET CLR 2.0.50727; .NET CLR 3.0.04506.648; .NET CLR 3.5.21022; .NET CLR 3.0.4506.2152; .NET CLR 3.5.30729; InfoPath.2)"
2.97.189.189 - - [19/Jul/2014:16:13:26 -0700] "GET /keychain/ratings HTTP/1.1" 200 33 "-" "Mozilla/5.0 (Macintosh; Intel Mac OS X 10_9_4) AppleWebKit/537.77.4 (KHTML, like Gecko) Version/7.0.5 Safari/537.77.4"
2.97.189.189 - - [19/Jul/2014:16:13:28 -0700] "GET /keychain/ratings HTTP/1.1" 200 33 "-" "Mozilla/5.0 (Macintosh; Intel Mac OS X 10_9_4) AppleWebKit/537.77.4 (KHTML, like Gecko) Version/7.0.5 Safari/537.77.4"
2.97.189.189 - - [19/Jul/2014:16:13:45 -0700] "GET /keychain/ratings HTTP/1.1" 500 67048 "-" "Mozilla/5.0 (Macintosh; Intel Mac OS X 10_9_4) AppleWebKit/537.77.4 (KHTML, like Gecko) Version/7.0.5 Safari/537.77.4"
2.97.189.189 - - [19/Jul/2014:16:14:17 -0700] "GET /keychain/ratings HTTP/1.1" 200 11364 "-" "Mozilla/5.0 (Macintosh; Intel Mac OS X 10_9_4) AppleWebKit/537.77.4 (KHTML, like Gecko) Version/7.0.5 Safari/537.77.4"
2.97.189.189 - - [19/Jul/2014:16:14:36 -0700] "GET /keychain/ratings HTTP/1.1" 200 4659 "-" "Mozilla/5.0 (Macintosh; Intel Mac OS X 10_9_4) AppleWebKit/537.77.4 (KHTML, like Gecko) Version/7.0.5 Safari/537.77.4"
2.97.189.189 - - [19/Jul/2014:16:16:05 -0700] "GET / HTTP/1.1" 200 4799 "-" "Mozilla/5.0 (Macintosh; Intel Mac OS X 10_9_4) AppleWebKit/537.77.4 (KHTML, like Gecko) Version/7.0.5 Safari/537.77.4"
2.97.189.189 - - [19/Jul/2014:16:16:08 -0700] "GET /keychain/message/785DEFB41BECA9ED HTTP/1.1" 500 67108 "-" "Mozilla/5.0 (Macintosh; Intel Mac OS X 10_9_4) AppleWebKit/537.77.4 (KHTML, like Gecko) Version/7.0.5 Safari/537.77.4"
2.97.189.189 - - [19/Jul/2014:16:16:13 -0700] "GET /keychain/ratings HTTP/1.1" 200 4659 "-" "Mozilla/5.0 (Macintosh; Intel Mac OS X 10_9_4) AppleWebKit/537.77.4 (KHTML, like Gecko) Version/7.0.5 Safari/537.77.4"
2.97.189.189 - - [19/Jul/2014:16:17:16 -0700] "GET / HTTP/1.1" 200 4799 "http://monero.fluxministry.com/" "Mozilla/5.0 (Macintosh; Intel Mac OS X 10_9_4) AppleWebKit/537.77.4 (KHTML, like Gecko) Version/7.0.5 Safari/537.77.4"
2.97.189.189 - - [19/Jul/2014:16:17:18 -0700] "GET /user/profile HTTP/1.1" 200 1170 "http://monero.fluxministry.com/" "Mozilla/5.0 (Macintosh; Intel Mac OS X 10_9_4) AppleWebKit/537.77.4 (KHTML, like Gecko) Version/7.0.5 Safari/537.77.4"
2.97.189.189 - - [19/Jul/2014:16:17:20 -0700] "GET / HTTP/1.1" 200 4799 "http://monero.fluxministry.com/user/profile" "Mozilla/5.0 (Macintosh; Intel Mac OS X 10_9_4) AppleWebKit/537.77.4 (KHTML, like Gecko) Version/7.0.5 Safari/537.77.4"
2.97.189.189 - - [20/Jul/2014:05:43:15 -0700] "GET / HTTP/1.1" 200 4799 "-" "Mozilla/5.0 (Macintosh; Intel Mac OS X 10_9_4) AppleWebKit/537.77.4 (KHTML, like Gecko)"
2.97.189.189 - - [20/Jul/2014:05:43:18 -0700] "GET /apple-touch-icon-precomposed.png HTTP/1.1" 404 17894 "-" "Coda/3410 CFNetwork/673.4 Darwin/13.3.0 (x86_64) (MacBookPro9%2C2)"
2.97.189.189 - - [20/Jul/2014:05:43:18 -0700] "GET /apple-touch-icon.png HTTP/1.1" 404 17881 "-" "Coda/3410 CFNetwork/673.4 Darwin/13.3.0 (x86_64) (MacBookPro9%2C2)"
2.97.189.189 - - [20/Jul/2014:05:47:33 -0700] "GET / HTTP/1.1" 200 4799 "-" "Mozilla/5.0 (Macintosh; Intel Mac OS X 10_9_4) AppleWebKit/537.77.4 (KHTML, like Gecko) Version/7.0.5 Safari/537.77.4"
2.97.189.189 - - [20/Jul/2014:06:18:24 -0700] "GET / HTTP/1.1" 499 0 "-" "Mozilla/5.0 (Macintosh; Intel Mac OS X 10_9_4) AppleWebKit/537.77.4 (KHTML, like Gecko) Version/7.0.5 Safari/537.77.4"
2.97.189.189 - - [20/Jul/2014:06:18:24 -0700] "GET / HTTP/1.1" 200 4799 "-" "Mozilla/5.0 (Macintosh; Intel Mac OS X 10_9_4) AppleWebKit/537.77.4 (KHTML, like Gecko) Version/7.0.5 Safari/537.77.4"
2.97.189.189 - - [20/Jul/2014:06:18:25 -0700] "GET / HTTP/1.1" 499 0 "-" "Mozilla/5.0 (Macintosh; Intel Mac OS X 10_9_4) AppleWebKit/537.77.4 (KHTML, like Gecko) Version/7.0.5 Safari/537.77.4"
2.97.189.189 - - [20/Jul/2014:06:18:25 -0700] "GET / HTTP/1.1" 200 4799 "-" "Mozilla/5.0 (Macintosh; Intel Mac OS X 10_9_4) AppleWebKit/537.77.4 (KHTML, like Gecko) Version/7.0.5 Safari/537.77.4"
2.97.189.189 - - [20/Jul/2014:06:18:25 -0700] "GET /keychain/message/785DEFB41BECA9ED HTTP/1.1" 500 67103 "-" "Mozilla/5.0 (Macintosh; Intel Mac OS X 10_9_4) AppleWebKit/537.77.4 (KHTML, like Gecko) Version/7.0.5 Safari/537.77.4"
2.97.189.189 - - [20/Jul/2014:06:18:31 -0700] "GET /keychain/ratings HTTP/1.1" 200 4659 "-" "Mozilla/5.0 (Macintosh; Intel Mac OS X 10_9_4) AppleWebKit/537.77.4 (KHTML, like Gecko) Version/7.0.5 Safari/537.77.4"
2.97.189.189 - - [20/Jul/2014:06:21:02 -0700] "GET /keychain/ratings HTTP/1.1" 200 3367 "-" "Mozilla/5.0 (Macintosh; Intel Mac OS X 10_9_4) AppleWebKit/537.77.4 (KHTML, like Gecko) Version/7.0.5 Safari/537.77.4"
2.97.189.189 - - [20/Jul/2014:06:21:52 -0700] "GET /keychain/ratings HTTP/1.1" 200 3367 "-" "Mozilla/5.0 (Macintosh; Intel Mac OS X 10_9_4) AppleWebKit/537.77.4 (KHTML, like Gecko) Version/7.0.5 Safari/537.77.4"
2.97.189.189 - - [20/Jul/2014:06:23:09 -0700] "GET /keychain/ratings HTTP/1.1" 200 8951 "-" "Mozilla/5.0 (Macintosh; Intel Mac OS X 10_9_4) AppleWebKit/537.77.4 (KHTML, like Gecko) Version/7.0.5 Safari/537.77.4"
2.97.189.189 - - [20/Jul/2014:06:24:32 -0700] "GET /keychain/ratings HTTP/1.1" 200 5042 "-" "Mozilla/5.0 (Macintosh; Intel Mac OS X 10_9_4) AppleWebKit/537.77.4 (KHTML, like Gecko) Version/7.0.5 Safari/537.77.4"
2.97.189.189 - - [20/Jul/2014:06:25:44 -0700] "GET /keychain/ratings HTTP/1.1" 200 5042 "-" "Mozilla/5.0 (Macintosh; Intel Mac OS X 10_9_4) AppleWebKit/537.77.4 (KHTML, like Gecko) Version/7.0.5 Safari/537.77.4"
2.97.189.189 - - [20/Jul/2014:06:25:54 -0700] "GET /keychain/ratings HTTP/1.1" 200 5042 "-" "Mozilla/5.0 (Macintosh; Intel Mac OS X 10_9_4) AppleWebKit/537.77.4 (KHTML, like Gecko) Version/7.0.5 Safari/537.77.4"
